(B);NonStandard15;X15;15;NonStandard15
(B);NonStandard29;X29;29;NonStandard29
(B);NonStandard4;X4;4;NonStandard4
(B);NonStandard2;X2;2;NonStandard2
(B);NonStandard20;X20;20;NonStandard20
(B);NonStandard6;X6;6;NonStandard6
(B);NonStandard22;X22;22;NonStandard22
(B);NonStandard26;X26;26;NonStandard26
(B);NonStandard7;X7;7;NonStandard7
(B);NonStandard11;X11;11;NonStandard11
(B);NonStandard5;X5;5;NonStandard5
(B);NonStandard12;X12;12;NonStandard12
(B);NonStandard31;X31;31;NonStandard31
(B);NonStandard16;X16;16;NonStandard16
(B);NonStandard3;X3;3;NonStandard3
(B);NonStandard14;X14;14;NonStandard14
(B);NonStandard10;X10;10;NonStandard10
(B);NonStandard19;X19;19;NonStandard19
(B);NonStandard23;X23;23;NonStandard23
(B);NonStandard21;X21;21;NonStandard21
(B);NonStandard24;X24;24;NonStandard24
(B);NonStandard1;X1;1;NonStandard1
(B);NonStandard8;X8;8;NonStandard8
(A);;72cb77;3;47a50;
(S);;72b77e;32;
v_CrState;31;32;X1;
v_TypeOfAddress;23;32;X8;
v_UserBearerRate;19;32;X4;
v_SyncAsync;18;32;X1;
v_TransferMode;17;32;X1;
v_InfoTrans;14;32;X3;
v_ConnElm;12;32;X2;
v_Crc;11;32;X1;
v_CallMode;9;32;X2;
v_CMEE;7;32;X2;
v_CREGn;5;32;X2;
v_CGREGn;3;32;X2;
v_CSMSService;2;32;X1;
v_CFUNReset;1;32;X1;
v_UrcMode;0;32;X1;
(T);t_hee_EepromBaseBand;733bdc;733aff;
(T);s_hee_SetupParam;73089b;730882;
(T);t_hee_MsPowerInf;72d86a;72d780;
(A);;4a6c5;10;47aaf;
(A);;731a47;12;47a50;
(S);;72a9f1;448;
s_hee_IpStackSectionHeader;0;;1a3848;
v_hee_GsmTCPRecWndSize;64;;47a78;
v_hee_GprsTCPRecWndSize;96;;47a78;
v_hee_WlanTCPRecWndSize;128;;47a78;
v_hee_EspTCPRecWndSize;160;;47a78;
v_hee_SpiTCPRecWndSize;192;;47a78;
v_hee_ProtocolMask;224;;47a78;
v_hee_GsmMTU;256;;47a5a;
v_hee_GprsMTU;272;;47a5a;
v_hee_WlanMTU;288;;47a5a;
v_hee_EspMTU;304;;47a5a;
v_hee_SpiMTU;320;;47a5a;
v_hee_Padding;336;;47a5a;
v_hee_TraceLevel;352;;47a50;
v_Gap;360;;72ab79;
v_hee_IpFilterCb;384;;47a78;
v_hee_FirewallCb;416;;47a78;
(T);s_hee_BtFactoryParam;7336c5;7336a9;
(T);t_hee_SettingsBitFields4;73137d;731282;
(T);t_hau_DspRxOrgan;5eda6;5ed73;
(T);u16;47a5a;47a66;
(T);t_hee_SPCENSection;732de0;732d79;
(S);;731be7;896;
a_hee_L1;0;;731bec;
a_hee_L2;224;;731c08;
a_hee_fax;448;;731c24;
a_hee_data;672;;731c41;
(A);;732fc4;2;47a50;
(T);t_hee_A5CipheringAlgoSupport;72dbfb;72dae9;
(A);;726a4f;3;7269e8;
(A);;72c86d;3;72c439;
(E);;1a32ab;8;
FMM_SECTION_RADIO_INDEX;0;
FMM_SECTION_OM_INDEX;1;
FMM_SECTION_KBD_INDEX;2;
FMM_SECTION_TRACE_INDEX;3;
FMM_SECTION_SPEECH_INDEX;4;
FMM_SECTION_HOTK_INDEX;5;
FMM_SECTION_LDN_INDEX;6;
FMM_SECTION_LRN_INDEX;7;
FMM_SECTION_AUDIO_INDEX;8;
FMM_SECTION_BAT_INDEX;9;
FMM_SECTION_SAV_INDEX;10;
FMM_SECTION_SIM_INDEX;11;
FMM_SECTION_SETUP_INDEX;12;
FMM_SECTION_SETTINGS_INDEX;13;
FMM_SECTION_ADDR_INDEX;14;
FMM_SECTION_ALARM_INDEX;15;
FMM_SECTION_ORGANIZER_INDEX;16;
FMM_SECTION_DEBUG_INDEX;17;
FMM_SECTION_IMEI_INDEX;18;
FMM_SECTION_ADC_DATA_INDEX;19;
FMM_SECTION_CALL_INDEX;20;
FMM_SECTION_MEL_INDEX;21;
FMM_SECTION_DOM_INDEX;22;
FMM_SECTION_BANK_INDEX;23;
FMM_SECTION_SECURITY_INDEX;24;
FMM_SECTION_CONFIG_INDEX;25;
FMM_SECTION_GAME_INDEX;26;
FMM_SECTION_DYLINK_INDEX;27;
FMM_SECTION_WAP_DATA_INDEX;28;
FMM_SECTION_WAP_ENCRYPTED_DATA_INDEX;29;
FMM_SECTION_DATA_INDEX;30;
FMM_SECTION_BT_SETTINGS_INDEX;31;
FMM_SECTION_SPC_INDEX;32;
FMM_SECTION_IP_STACK_INDEX;33;
FMM_SECTION_BT_FACTORY_INDEX;34;
FMM_SECTION_Reserved33_INDEX;35;
FMM_SECTION_Reserved34_INDEX;36;
FMM_SECTION_VIRGIN_INDEX;37;
FMM_SECTION_GPRS_APPLI_INDEX;38;
FMM_SECTION_GPRS_STACK_INDEX;39;
FMM_SECTION_PRODUCTION_INDEX;40;
FMM_SECTION_GSM_STACK_INDEX;41;
(T);t_hwlsyn_Xtal;1a4058;1a400a;
(T);t_hee_FeaturesGPRS1;72f44d;72f2cb;
(S);;733089;192;
v_hee_FirstIMEI;0;;73308e;
v_hee_SecondIMEI;64;;7330b1;
v_hee_ThirdIMEI;128;;7330d5;
(T);t_hee_ClkDelta;731bd0;731b5d;
(T);t_hee_DataBitFields3;72bf44;72bda3;
(T);t_hee_CmuxSettings;72cc73;72cbbc;
(S);;4b6c9;2400;
v_ConfigUpControl;0;;47aaf;
v_CodecUpControl;16;;47aaf;
v_CodecUpGain;32;;47aaf;
v_PcmControl;48;;47aaf;
v_UlGain;64;;47aaf;
v_UlTau;80;;47aaf;
v_AuUlFacGain;96;;47aaf;
a_TxFilter;112;;4aeae;
a_TxIirfilter;624;;4aed4;
v_AuUlPgaThreshold;944;;47aaf;
v_AuUlPgaBoostRate;960;;47aaf;
v_AuUlDigPgaAtten;976;;47aaf;
v_AuUlDigPgaBoost;992;;47aaf;
v_ecL;1008;;47aaf;
v_ecP;1024;;47aaf;
v_ecDelta;1040;;47aaf;
v_ecDeltaLSW;1056;;47aaf;
v_ecMu0;1072;;47aaf;
v_ecMu1;1088;;47aaf;
v_ecMu2;1104;;47aaf;
v_ecMu3;1120;;47aaf;
v_ecFE_SpeechDelay;1136;;47aaf;
v_ecTauAr;1152;;47aaf;
v_ecTauAd;1168;;47aaf;
v_ecL0;1184;;47aaf;
v_ecTauCr;1200;;47aaf;
v_ecTauBr;1216;;47aaf;
v_ecTauBd;1232;;47aaf;
v_ecL_FarEnd;1248;;47aaf;
v_ecL_Residual1;1264;;47aaf;
v_ecL_Residual2;1280;;47aaf;
v_ecL_Env1;1296;;47aaf;
v_ecL_Env2;1312;;47aaf;
v_ecL_Env3;1328;;47aaf;
v_ecL_Env4;1344;;47aaf;
v_ecL_Env5;1360;;47aaf;
v_ecL_Cfe1;1376;;47aaf;
v_ecL_Cfe2;1392;;47aaf;
v_ecHoldoff;1408;;47aaf;
v_ecCfeTau1;1424;;47aaf;
v_ecCfeTau2;1440;;47aaf;
v_ecCfe_L0;1456;;47aaf;
v_ecCfe_L1;1472;;47aaf;
v_ecEnv_Tau1;1488;;47aaf;
v_ecEnv_Tau2;1504;;47aaf;
v_ecEnv_Tau3;1520;;47aaf;
v_ecEnv_Tau4;1536;;47aaf;
v_ecenv_PeakL1;1552;;47aaf;
v_ecEnv_PeakL2;1568;;47aaf;
v_ecNFGamma1;1584;;47aaf;
v_ecNFGamma2;1600;;47aaf;
v_ecNFp;1616;;47aaf;
v_ecEnergyThrMsb;1632;;47aaf;
v_ecEnergyThrLsb;1648;;47aaf;
v_esUL_Gmin;1664;;47aaf;
v_esUL_TauR;1680;;47aaf;
v_esUL_TauD;1696;;47aaf;
v_esDL_Gmin;1712;;47aaf;
v_esDL_TauR;1728;;47aaf;
v_esDL_TauD;1744;;47aaf;
v_nsAlpha;1760;;47aaf;
v_nsLn;1776;;47aaf;
v_nsK;1792;;47aaf;
v_nsTauR;1808;;47aaf;
v_nsTauD;1824;;47aaf;
v_nsLamda;1840;;47aaf;
v_nsTauF;1856;;47aaf;
a_SelEsX;1872;;4af29;
a_SelEsY;1936;;4af4d;
s_DynNG;2000;;4b154;
s_Dses;2240;;4afcf;
s_EcIcc;2320;;4b1aa;
v_UlHarmonizerAlpha;2368;;47a5a;
v_LowVoiceBoosterGain;2384;;47a5a;
(S);;730b75;32;
v_hee_Alarm2Status;31;32;X1;
v_hee_Alarm2ClockOnce;30;32;X1;
v_hee_AlarmClockOnce;29;32;X1;
v_hee_ALSLineFlag;28;32;X1;
v_hee_CFUPromptFlag;27;32;X1;
v_hee_AskForStatusReport;26;32;X1;
v_hee_RecordSentMessages;25;32;X1;
v_hee_DefaultReplyPath;24;32;X1;
v_hee_ReconfKeyPadLock;22;32;X2;
v_hee_AVC_Comp;20;32;X2;
v_hee_CLIR;18;32;X2;
v_hee_AccessLevel;16;32;X2;
v_hee_UserVolume;12;32;X4;
v_hee_EarpieceVolume;8;32;X4;
v_hee_CCBS;7;32;X1;
v_hee_KeyPadLock;4;32;X3;
v_hee_CurrentLineL1L2;3;32;X1;
v_hee_AutoRedial;2;32;X1;
v_hee_ShowInfoEndOfCall;1;32;X1;
v_hee_CallReminder;0;32;X1;
(A);;a65eb;4;a65df;
(S);;733667;4384;
s_hee_BtFactorySectionHeader;0;;1a3848;
s_hee_Factory;64;;733653;
(T);t_hee_CodeBarre_Section;733d29;733cdd;
(S);;72dda9;32;
v_hee_MinRxLevForHandOut;0;;47a50;
v_GAP2;8;;72ddd0;
(T);stBblRfNvramTxVrampVBatCorrectionParam;a6213;a61bd;
(U);;72c979;192;
s_RelTime;0;;72c95e;
s_AbsTime;0;;72c8cb;
(S);;72e3bf;2240;
v_sectionHeader;0;;1a3848;
s_hee_Production;64;;72e3a8;
(S);;5edbf;2400;
s_DspTxCfg;0;;4bd08;
(A);;4a2a6;10;47aaf;
(S);;72cfd4;32;
a_PhoneNumber;0;;72cfe1;
(S);;72b00c;544;
s_hee_UserFeatures;0;;72aef0;
v_hee_SupportedFeature;32;;47a78;
v_hee_PtrFctInit;64;;47a78;
v_hee_ParamFctInit;96;;47a5a;
a_hee_GKC;112;;72b081;
a_hee_Gloci;184;;72b09e;
v_hee_MaxUsed;296;;47a50;
v_hee_HighLimit;304;;47a50;
v_hee_LowLimit;312;;47a50;
s_hee_CellLock;320;;72af7d;
v_hee_ReverseCellLock;416;;72afee;
v_hee_LatestServingCell;496;;47a5a;
v_GAP_END;512;;72b159;
(T);t_hwlaud_RxFilter;4ae13;4ae07;
(A);;73418d;2;47a50;
(A);;73470d;2;47a50;
(T);t_Generic;733ac3;733aab;
(A);;735d7e;4;47a5a;
(A);;731f62;15;47a50;
(A);;a6614;4;a6608;
(S);;73188f;32;
v_UartDataFormat;24;32;X8;
v_ICF_Format;16;32;X8;
v_ICF_Parity;8;32;X8;
v_RFU;0;32;X8;
(T);t_hee_ImeiParam;7285ce;7284fd;
(A);;733fec;6;47a50;
(T);t_hee_WhiteList;72d040;72d01c;
(T);t_hee_nitz_information;73218b;73213c;
(S);;72e544;128;
a_SystemEventList;0;;72e549;
v_Process;80;;47547;
v_Instance;88;;4752c;
v_AllInstance;96;;47a50;
v_Flags;104;;47a50;
v_MaxInputLength;112;;47a50;
v_MaxOutputLength;120;;47a50;
(A);;73378e;65;47a50;
(A);;1a410d;3;47a50;
(S);;72af94;80;
v_hee_Enabled;0;;47a50;
v_hee_CellNumber;8;;47a50;
a_hee_ArfcnList;16;;72afca;
(S);;72d9eb;640;
v_hee_Plmn;0;;72d9f0;
(T);t_hee_Features4;72fbfa;72fbd6;
(A);;7319d6;10;47a5a;
(A);;a65b6;16;6e140;
(A);;731fe6;15;47a50;
(A);;a64bc;7;6e140;
(T);s_hee_SettingParam;732c06;732beb;
(T);t_hee_SAV_Section;734259;7341ef;
(A);;734236;13;47a50;
(A);;733d07;6;47a50;
(T);s_hee_SectionIndex;73626b;736265;
(A);;732ad2;15;47a50;
(T);t_hee_SpeechParam;732cc9;732ca0;
(A);;7320e6;13;47a50;
(A);;732020;13;47a50;
(S);;a634f;32;
normalClock;0;;6e104;
normalMcu;8;;6e104;
streamClock;16;;6e104;
streamMcu;24;;6e104;
(S);;72af0a;96;
v_hee_Mode;0;;47a50;
v_hee_Number;8;;47a50;
v_dummy1;16;;47a50;
v_dummy2;24;;47a50;
a_hee_Arfcn;32;;72af5d;
(T);bool;47a32;47a3f;
(S);;731a0a;224;
v_ParamIndicators;0;;47a50;
a_DestAdd;8;;731a2a;
a_ServCentAdd;104;;731a47;
v_PID;200;;47a50;
v_DCS;208;;47a50;
v_VP;216;;47a50;
(T);stBblRfNvramTxTimingsParam;a62c8;a629b;
(A);;a6506;6;6e161;
(T);t_hee_DeviceInformation;73386a;733767;
(T);t_hee_PlmnList;72da0d;72d9eb;
(S);;731b5d;64;
v_hee_Counter;0;;47a78;
v_hee_Sign;32;;47a50;
v_hee_dummy1;40;;47a50;
v_hee_dummy2;48;;47a50;
v_hee_dummy3;56;;47a50;
(T);t_hee_HotKeyParam;734890;7347b6;
(S);;72d01c;344;
a_PhoneNumber;0;;72d021;
(T);s8;47a95;47aa0;
(A);;735e4d;4;47a95;
(A);;4a3cc;6;47aaf;
(A);;7335dc;3;47a50;
(T);st_SavL1cNbDecPagingBurst;7332d7;73324d;
(S);;732ee5;224;
v_hee_SavArriveDate;0;;732ed7;
v_hee_AnomalyCustomer;32;;732f05;
v_hee_SavRow;64;;47a50;
v_GAP_SavReturn;72;;732f44;
v_hee_CollectCenter;80;;47a5a;
v_hee_SavDepartDate;96;;732ed7;
v_hee_RealAnomaly;128;;732f9f;
v_hee_ChangedComponent_1;160;;732fc4;
v_hee_ChangedComponent_2;176;;732ff0;
v_hee_ChangedComponent_3;192;;73301c;
v_hee_ChangedComponent_4;208;;733048;
(A);;72e1b2;2;47a50;
(S);;72c8e5;192;
v_NbMinutes;0;;47a50;
v_NbHours;8;;47a50;
v_NbDays;16;;47a50;
v_NbWeeks;24;;47a50;
v_Gap_RelativeTime;32;;72c937;
(S);;733a86;32;
s_hwlgpm;0;;1a40e0;
(A);;735ded;4;735de1;
(T);t_hwlaud_Dses;4afcf;4af65;
(A);;732568;2;731a95;
(A);;72d9f0;20;72d8f0;
(A);;733ce2;6;47a50;
(S);;731282;32;
v_RFU4;24;32;X8;
v_hee_SettingsRamDump;16;32;X8;
v_RFU2;11;32;X5;
v_hee_UsbConfigSelect;8;32;X3;
v_RFU1;7;32;X1;
v_hee_ErrorDebugIsBlocking;6;32;X1;
v_RFU3;5;32;X1;
v_hee_ReconfPhoneLock;3;32;X2;
v_hee_PhoneLock;0;32;X3;
(A);;73320b;1;47a50;
(T);t_hee_CBMI;7319be;73199a;
(S);;1a37df;64;
v_hee_CheckSum;0;;47a50;
v_hee_Version;8;;47a50;
v_hee_SectionSize;16;;47a5a;
v_hee_Signature;32;;47a78;
(T);t_hwlgpm_Band;1a40e0;1a40c2;
(S);;733ed9;128;
v_hee_FA_Test_Status;0;;47a50;
v_hee_FA_Tester_Number;8;;47a50;
v_hee_FA_Module_Number;16;;47a50;
v_hee_FA_Test_Day;24;;47a50;
v_hee_FA_Test_Year;32;;47a5a;
v_hee_FA_Test_Month;48;;47a50;
v_hee_FA_PCB_Number_Test;56;;47a50;
v_hee_FA_Test_Hour;64;;47a50;
v_hee_FA_Test_minute;72;;47a50;
v_hee_SpareL77;80;;733fec;
(T);t_hee_FmSettingParam;72ad39;72acf7;
(T);t_hee_SettingParam;732beb;732bab;
(A);;a6608;16;6e140;
(A);;73388f;65;47a50;
(S);;732bab;10400;
s_hee_SettingSectionHeader;0;;1a3848;
s_hee_Setting;64;;732b95;
(T);t_Xtal;733af1;733ad3;
(A);;a683c;12;6e179;
(T);t_hee_BtSettingParam;7339c6;733983;
(T);t_atp_EepSmsSettingsProfile;72cb08;72caca;
(T);t_hee_StkTerminalProfile;7306e2;72fc12;
(T);t_hee_MinMax;7269e8;7269a0;
(A);;7327e3;8;47a50;
(T);t_hee_VirginSpecialSection;72d6af;72d09f;
(T);t_atp_TimeInfo;72c9a1;72c979;
(T);t_hwlaud_DynNG;4b154;4afe5;
(S);;72e6bd;1856;
s_hee_Header;0;;72e531;
a_hee_SaveTCTList;64;;72e6d7;
a_hee_SaveTCTAppl;704;;72e6fa;
v_hee_TraceInitEeprom;1024;;47a50;
v_hee_TraceRealTime;1032;;47a50;
a_hee_ProcessSelectArray;1040;;72e75b;
v_Empty;1840;;72e788;
(A);;7330d5;8;47a50;
(A);;731c96;28;47a50;
(A);;732d9e;18;47a50;
(A);;72d99b;70;47a50;
(T);t_hwlaud_SelEsX;4af29;4af1d;
(S);;a6139;48;
txVrampCorrFctOfTemp;0;;a613e;
txVrampThresholdTemp;32;;a6166;
(T);t_hee_SectionIndex;1a374f;1a32ab;
(S);;7321aa;10336;
s_hee_SettingsBitFields;0;;730b56;
s_hee_SettingsBitFields1;32;;730def;
s_hee_SettingsBitFields2;64;;731093;
s_hee_SettingsBitFields3;96;;731261;
s_hee_SettingsBitFields4;128;;73137d;
s_hee_SettingsBitFields5;160;;731434;
s_hee_QuickSettingsBitFields;192;;731654;
s_hee_AccesoriesBitFields;224;;7317e1;
s_hee_DriverBitFields;256;;731872;
v_hee_TotalIcomTimerL1;288;;47a78;
v_hee_TotalIcomTimerL2;320;;47a78;
v_hee_TotalOutgTimerL1;352;;47a78;
v_hee_TotalOutgTimerL2;384;;47a78;
v_hee_TotalCallTimerL1;416;;47a78;
v_hee_TotalCallTimerL2;448;;47a78;
v_hee_LastCallTimeL1;480;;47a78;
v_hee_LastCallTimeL2;512;;47a78;
v_hee_LastCallCostL1;544;;47a78;
v_hee_LastCallCostL2;576;;47a78;
v_hee_EuroConversionCurrency;608;;47a78;
v_hee_SecureClock_S1;640;;47a78;
v_hee_SecureClock_S2;672;;47a78;
v_hee_SecureClkCorruptCnt;704;;47a78;
v_hee_Clock_Save;736;;731b43;
v_hee_ClkDelta_Save;800;;731bd0;
s_hee_CBMIR;864;;7319f6;
s_hee_CBMI;1024;;7319be;
v_hee_CBMILC;1280;;47a5a;
v_hee_CBMILC_PAD;1296;;47a5a;
s_hee_Msisdn;1312;;731c60;
s_hee_Mboxn;2208;;731cee;
s_hee_CcpE;3104;;732008;
s_hee_ExtE;4064;;732129;
a_hee_Smsp;4896;;732568;
s_hee_Smscb;5344;;731986;
a_hee_FilterSMSCB;5376;;732599;
s_hee_Accessories;6912;;731ee0;
v_hee_CugCurrentIndex;7200;;47a5a;
a_hee_CugIndex;7216;;7325f7;
v_hee_MCC;7536;;47a5a;
v_hee_MNC;7552;;47a5a;
v_hee_District;7568;;47a5a;
v_hee_CFU;7584;;47a5a;
v_hee_VMWI;7600;;47a5a;
v_hee_MaxCountEscalatingTimer;7616;;47a5a;
v_hee_ConcatMsgReference;7632;;47a5a;
v_hee_FirstDayOfWeek;7648;;47a50;
v_hee_FirstWeekOfYear;7656;;47a50;
v_hee_ValidityPeriodeUnit;7664;;47a50;
v_hee_ValidityPeriodeValue;7672;;47a50;
v_hee_QuickSettingsIndex;7680;;47a50;
v_hee_CugNbOfIndex;7688;;47a50;
a_hee_Signature;7696;;73279f;
v_hee_SmartTimeOutValue;8280;;47a50;
a_hee_IMSI;8288;;7327e3;
v_hee_MessageReference;8352;;47a50;
v_hee_ImsiLength;8360;;47a50;
v_hee_DefaultLanguage;8368;;47a50;
a_hee_VoiceMailNb;8376;;73285e;
v_hee_CRTP_SleepMode;8568;;47a50;
v_hee_MaxMcPerMi;8576;;47a50;
v_hee_DefaultPollingSTK;8584;;47a50;
v_hee_CFU_VMI;8592;;47a50;
v_hee_TimeZone;8600;;47a50;
v_hee_DST;8608;;47a50;
v_hee_Equalizer;8616;;47a50;
a_hee_WelcomeMessage;8624;;73293f;
a_hee_GoodbyeMessage;8808;;732966;
a_hee_Eotd_MLC_source;8992;;73298d;
a_hee_Eotd_MLC_destination;9168;;7329b7;
v_hee_CountEscalatingTimer;9344;;47a50;
v_hee_BackupBatChargeCounter;9352;;47a50;
v_hee_uart1_tx_setting;9360;;47a50;
v_hee_dummy1;9368;;47a50;
s_hee_nitz_information;9376;;73218b;
a_hee_AlarmTime;9888;;732a89;
a_hee_Alarm2Time;9936;;732aad;
a_hee_AlarmDate;9984;;732ad2;
a_hee_Alarm2Date;10104;;732af6;
v_hee_USBProfileConfig;10224;;47a50;
dummy;10232;;732b3c;
v_hee_USBActiveProfile;10272;;47a78;
s_hee_UartDataFormat;10304;;7318f6;
(A);;730787;12;47a50;
(T);s_hee_ImeiParam;7285e4;7285ce;
(T);s_hee_BatParam;73603f;736025;
(A);;a6166;2;6e123;
(A);;a685e;6;6e179;
(A);;4a55e;10;47aaf;
(A);;732062;13;47a50;
(B);;47abb;16;S;
(A);;4a5e0;10;47aaf;
(S);;72b18f;608;
s_hee_GprsStackSectionHeader;0;;1a3848;
s_hee_GprsStack;64;;72b177;
(A);;72c7d9;3;72c439;
(A);;a6700;5;6e140;
(T);t_hee_SettingsBitFields3;731261;7310b4;
(A);;72c889;2;72c439;
(T);t_hee_CBMIR;7319f6;7319d1;
(T);s_hee_MelodyParam;7344f5;7344dc;
(A);;4a62f;10;47aaf;
(A);;72e285;2;47a50;
(T);t_hee_12NC_Number;7341d5;73415f;
(A);;72c821;3;72c439;
(A);;a6926;40;6e140;
(T);Uint16;6e140;6e14f;
(A);;72dbe1;3;47a50;
(A);;a669c;4;a6213;
(T);t_hee_HotKeysBitfield;734736;7346e9;
(A);;731f20;15;47a50;
(T);t_atp_CurrentRegisters;72c650;72c4fb;
(T);stBblRfNvramTxFreqBiasParam;a6278;a6241;
(S);;72dc20;32;
v_hee_GEA_1_support;7;8;X1;
v_hee_GEA_2_support;6;8;X1;
v_hee_GEA_3_support;5;8;X1;
v_hee_GEA_4_support;4;8;X1;
v_hee_GEA_5_support;3;8;X1;
v_hee_GEA_6_support;2;8;X1;
v_hee_GEA_7_support;1;8;X1;
v_hee_NotUsed;0;8;X1;
v_GAP;8;;72dd1f;
(T);t_hee_Msisdn;731c60;731be7;
(T);Uint8;6e104;6e112;
(S);;72c7d4;192;
a_Year;0;;72c7d9;
a_Month;24;;72c7f1;
a_Day;48;;72c80a;
a_Hour;72;;72c821;
a_Minute;96;;72c839;
a_Second;120;;72c853;
a_TimeZone;144;;72c86d;
a_DiffSign;168;;72c889;
v_Gap_AsoluteTime;184;;72c8a5;
(T);s_hee_WapEncryptedDataParam;72b5ea;72b5c8;
(T);t_hee_Melody;73448b;7343bd;
(A);;4aef1;10;47a5a;
(T);t_hee_GprsStack;72b177;72b00c;
(S);;72bda3;64;
v_CTZU_OnOff;31;32;X1;
v_CTZR_OnOff;30;32;X1;
v_PSSTKI_Mode;22;32;X8;
v_AthNoMTDisc;21;32;X1;
v_CNMI_Mode;19;32;X2;
v_CNMI_Mt;17;32;X2;
v_CNMI_Bm;15;32;X2;
v_CNMI_ds;13;32;X2;
v_CNMI_bfr;12;32;X1;
v_SMS_NotifMode;10;32;X2;
v_SR_NotifMode;9;32;X1;
v_TE_MemoryStatus;8;32;X1;
v_PSMEMCAP_Mode;7;32;X1;
v_CPLS_PLMNSelectedList;6;32;X1;
v_CFUNState;2;32;X4;
v_Baudrate;28;32;X4;
(A);;735e1b;4;47aaf;
(T);u8;47a50;47a3f;
(S);;72dd56;32;
v_hee_EnabledRAT;0;;47a50;
v_GAP2;8;;72dd75;
(A);;a68a2;11;6e179;
(T);t_hee_UserGprsAppli;72b35e;72b293;
(S);;72ca68;320;
a_atp_ScAddress;0;;72ca6d;
s_atp_CSMPCmd;96;;72ca3e;
(A);;731c08;28;47a50;
(A);;732169;60;47a50;
(S);;7346e9;32;
s_hee_HotKeysBitfield;0;;47a5a;
v_GAP_HotKeysBitfield;16;;73470d;
(S);;a7add;8240;
version;0;;6e140;
switchLevel;16;;a7af4;
clkArfcn;48;;a7b13;
(T);s_hee_AudioParam;736130;736119;
(B);;47a84;32;U;
(A);;a6042;2;6e123;
(T);t_hee_SettingsBitFields1;730def;730b75;
(A);;4ae79;10;47aaf;
(A);;7320a4;13;47a50;
(S);;731c75;896;
a_hee_L1;0;;731c7a;
a_hee_L2;224;;731c96;
a_hee_fax;448;;731cb2;
a_hee_data;672;;731ccf;
(T);t_hee_Setting;732b95;7321aa;
(S);;731d53;288;
v_Aud_Reco_Thr1;0;;47a78;
v_Aud_Reco_Thr2;32;;47a78;
v_Aud_Reco_Thr3;64;;47a78;
v_Aud_Reco_Thr4;96;;47a78;
v_Aud_Reco_Thr5;128;;47a78;
v_Aud_Reco_Thr6;160;;47a78;
v_Rec2L_Thr;192;;47a50;
v_Rec2H_Thr;200;;47a50;
v_MicBias_Aux_Idle;208;;47a50;
v_MicBias_Sampling;216;;47a50;
v_Rec_Logic;224;;47a50;
v_Rec_Swap;232;;47a50;
FillByte1;240;;47a50;
FillByte2;248;;47a50;
v_Hookswitch_Threshold;256;;47a5a;
v_VCM_Enable_Threshold;272;;47a5a;
(A);;7320c5;13;47a50;
(T);s_hee_WapDataParam;72b6e1;72b6c8;
(A);;72e6fa;5;72e6a4;
(T);t_hwlaud_UserRxCfg;4bd59;4bd22;
(T);t_hee_Smscb;731986;731915;
(S);;72cb2c;1952;
a_hee_atp_PDPContext;0;;72cb32;
v_hee_DefaultPDPCtxt;1920;;47a50;
v_GAP_PDPContexts;1928;;72cb77;
(T);s_hee_FmSettingParam;72ad55;72ad39;
(A);;731d19;10;47a50;
(A);;a65df;16;6e104;
(A);;72b09e;14;47a50;
(A);;72ac85;10;47a5a;
(A);;4a69c;10;47aaf;
(S);;72d94e;320;
v_hee_EmCallEcPlmn;0;;72d953;
(T);t_hee_FeaturesGPRS2;72f8e1;72f469;
(A);;72d907;6;72d8f0;
(T);t_atp_EepSmsSetTextmodeParameters;72ca3e;72c9b8;
(T);t_hee_BtFactoryParam;7336a9;733667;
(A);;731f41;15;47a50;
(A);;72afca;4;47a5a;
(T);s_hee_GprsStackParam;72b1ef;72b1d2;
(A);;4a536;10;47aaf;
(A);;a613e;2;6e140;
(S);;72a8f1;576;
s_hee_AddrSectionHeader;0;;1a3848;
a_hee_ConvSectionTable;64;;72a917;
(S);;1a40f4;32;
v_RefOnReg;0;;47a50;
dummy;8;;1a410d;
(A);;72e10f;2;47a50;
(T);s_hee_SimLocked;726c58;726c40;
(A);;4ae07;32;47aaf;
(T);u32;47a78;47a84;
(T);t_hee_BaBitMap;72d9d5;72d996;
(B);;732797;8;U;
(S);;733d47;128;
v_hee_MTX_Test_Status;0;;47a50;
v_hee_MTX_Jig_Number;8;;47a50;
v_hee_MTX_Line_Number;16;;47a50;
v_hee_MTX_Test_Day;24;;47a50;
v_hee_MTX_Test_Year;32;;47a5a;
v_hee_MTX_Test_Month;48;;47a50;
v_hee_MTX_PCB_Number_Test;56;;47a50;
v_hee_MTX_Jig_Side;64;;47a50;
v_hee_MTX_Test_Hour;72;;47a50;
v_hee_MTX_Number;80;;47a5a;
v_hee_MTX_Vibrator_Current;96;;47a50;
v_hee_SpareL76;104;;733e99;
(T);t_hwlaud_DspTxCfg;4bd08;4b6c9;
(T);t_hwlaud_DspRxCfg;4b6af;4b1c1;
(T);t_hee_AdcDataParam;735a21;73559d;
(A);;4a60e;10;47aaf;
(A);;732af6;15;47a50;
(T);t_atp_EepSmsCurrentSettings;72caa6;72ca68;
(A);;732f9f;4;47a50;
(A);;a6512;4;a6506;
(S);;72bb43;32;
v_PSNTRG_Mode;31;32;X1;
v_PSCIPH_Mode;30;32;X1;
v_PSNWID_Mode;29;32;X1;
v_PSUTTZ_Mode;28;32;X1;
v_PSHZNT_Mode;27;32;X1;
v_CGEREP_Bfr;26;32;X1;
v_CGEREP_Mode;24;32;X2;
v_CMER_IndicatorReport;22;32;X2;
v_CMER_Mode;19;32;X3;
v_RegisterInAutomaticMode;18;32;X1;
v_CMGFMode;17;32;X1;
v_CSDH;16;32;X1;
v_CharSet;13;32;X3;
v_COLP_n;12;32;X1;
v_CSSN_m;11;32;X1;
v_CSSN_n;10;32;X1;
v_CLIP_n;9;32;X1;
v_CLIR_n;7;32;X2;
v_PSCSSC_Mode;6;32;X1;
v_PSFSNT_Mode;5;32;X1;
v_PSCSCN_Mode;3;32;X2;
v_CAOC_Mode;1;32;X2;
v_CCWE_Mode;0;32;X1;
(A);;72d953;10;72d8f0;
(S);;72fbd6;32;
v_hee_SecureClock_S3;0;;47a78;
(A);;72e1d2;3;47a50;
(S);;72e845;32;
v_German;31;32;X1;
v_English;30;32;X1;
v_Italian;29;32;X1;
v_French;28;32;X1;
v_Spanish;27;32;X1;
v_Dutch;26;32;X1;
v_Swedish;25;32;X1;
v_Danish;24;32;X1;
v_Portuguese;23;32;X1;
v_Finnish;22;32;X1;
v_Norwegian;21;32;X1;
v_Greek;20;32;X1;
v_Turkish;19;32;X1;
v_Hungarian;18;32;X1;
v_Polish;17;32;X1;
v_Czech;16;32;X1;
v_Slovakia;15;32;X1;
v_Russian;14;32;X1;
v_Indonesia;13;32;X1;
v_Arabic;12;32;X1;
v_SimplifiedChinese;11;32;X1;
v_TraditionalChinese;10;32;X1;
v_Hebrew;9;32;X1;
v_Lithuanian;8;32;X1;
v_Romanian;7;32;X1;
v_Thai;6;32;X1;
v_Estonian;5;32;X1;
v_Latvian;4;32;X1;
v_RFU;0;32;X4;
(A);;a654d;4;a6068;
(A);;72c1ef;4;47a50;
(A);;72ddd0;3;47a50;
(A);;7335a7;2;47a50;
(S);;5ee91;42320;
s_Antipopup;0;;4aaa2;
s_DspCommon;4336;;4ade9;
a_DspRxOrgan;4832;;5eec2;
a_DspTxOrgan;18016;;5eee1;
a_DspRx40KOrgan;30016;;5ef00;
a_UserRxOrgan;41552;;5ef22;
(T);t_hwlaud_BblVolumeTable;4aefd;4aef1;
(A);;732041;13;47a50;
(A);;72d021;43;72cfd9;
(A);;72c441;60;72c439;
(A);;726a30;4;7269e8;
(S);;72cc8e;64;
v_Year;0;;47a5a;
v_Month;16;;47a50;
v_Day;24;;47a50;
v_Recurr;32;;47a50;
v_Hour;40;;47a50;
v_Minutes;48;;47a50;
v_Seconds;56;;47a50;
(A);;72da28;20;47a50;
(A);;4a30c;7;47aaf;
(A);;72691e;8;47a50;
(T);t_hwlaud_RxIirFilter;4ae85;4ae79;
(S);;73449e;2048;
s_hee_MelodySectionHeader;0;;1a3848;
s_hee_Melody;64;;73448b;
(A);;72e246;2;47a50;
(S);;72da23;160;
v_hee_BandIndList;0;;72da28;
(A);;734030;2;47a50;
(T);t_atp_RelativeTime;72c95e;72c8e5;
(A);;7330b1;8;47a50;
(A);;1a40c7;4;47a50;
(T);t_hee_WapDataParam;72b6c8;72b69e;
(A);;a61c2;2;6e140;
(S);;72d780;32;
v_hee_ClassGsmP;28;32;X4;
v_hee_ClassGsmE;24;32;X4;
v_hee_ClassGsm1800;20;32;X4;
v_hee_ClassGsm1900;16;32;X4;
v_hee_ClassGsm450;12;32;X4;
v_hee_ClassGsm480;8;32;X4;
v_hee_ClassGsm850;4;32;X4;
NotUsed;0;32;X4;
(T);t_hee_Features;72eeb3;72eaf6;
(A);;5ef00;7;5eda6;
(T);t_hee_UMAConfig;72ddeb;72dda9;
(S);;73357f;4320;
a_hee_BTAddress;0;;733585;
v_GAP_fty;48;;7335a7;
v_hee_OutputPwr;64;;47a50;
v_GAP_fty2;72;;7335dc;
v_hee_Fref;96;;47a78;
v_hee_Ksel;128;;47a78;
a_hee_FactorySettingsBGB210;160;;733622;
(T);stBblRfNvramRssiTempParam;a6068;a6018;
(S);;4af65;80;
v_g1;0;;47a5a;
v_g2;16;;47a5a;
v_offset;32;;47a5a;
v_TauModulatoionR;48;;47a5a;
v_TauModulatoionD;64;;47a5a;
(T);s_hee_BtSettingParam;7339e3;7339c6;
(A);;731bec;28;47a50;
(A);;733165;2;47a50;
(A);;72af5d;4;47a5a;
(A);;73298d;22;47a50;
(B);;6e188;32;U;
(T);t_hee_DataBitFields1;72bb26;72b8fc;
(T);t_hee_Mboxn;731cee;731c75;
(A);;a5fd4;8;6e140;
(A);;7337b1;16;47a50;
(T);t_hee_SmspRecord;731a95;731a0a;
(T);t_hee_GprsStackParam;72b1d2;72b18f;
(A);;72b397;4;47a50;
(S);;72c49b;512;
a_text;0;;72c4a0;
v_NitzMcc;480;;47a5a;
v_NitzMnc;496;;47a5a;
(S);;a61bd;48;
txVrampCorrFctOfVBat;0;;a61c2;
txVrampThresholdVBat;32;;a61ea;
(A);;72d67e;1536;47a50;
(T);t_hee_MultiImsi;726a80;7269fd;
(S);;7332f8;1216;
v_hee_NbPclGSM;0;;7332fe;
NbPclDCS;576;;733320;
NbDlPdchBlock;1184;;47a78;
(A);;7332fe;18;47a78;
(A);;4a652;10;47aaf;
(S);;a63c1;8480;
versionId;0;;6e140;
afcDacValue;16;;6e140;
afcSlopeMin;32;;6e140;
afcSlopeMax;48;;6e140;
cdacValue;64;;6e104;
rxTxAsmRxFemWord;72;;a642c;
rxTxAsmTxFemWord;104;;a6450;
rxTxAsmSleepMode;136;;6e104;
paBandSelUart;144;;6e104;
paBandSelGpio;152;;6e104;
rxTimingAllBands;160;;a64bc;
rssiTimingAllBands;272;;a64e0;
rxAccGain;384;;a6512;
rssiCorrection;768;;a652d;
rssiCorrectionTemp;1536;;a654d;
rampProfileUp;1664;;a6572;
rampProfileDn;1792;;a6594;
txVrampMax;1920;;a65c2;
txVrampMin;2944;;a65eb;
rampUpTable;3456;;a6614;
rampDnTable;4480;;a663e;
txVrampCorr;5504;;a665c;
txVrampTempCorr;5760;;a667a;
txVrampVBatCorr;5952;;a669c;
txTimingsPclRange;6144;;a66be;
txTimings;6176;;a66e4;
txTimingsAll;6848;;a6700;
alignment_dummy_4;6928;;6e104;
alignment_dummy_5;6936;;6e104;
txFreqBias;6944;;a6759;
rxTxDelay;7072;;a6776;
txVcoRegBoost;7104;;a6794;
paRampDacFilter;7168;;6e104;
rxLnaSwap;7176;;6e104;
alignment_dummy_7;7184;;6e104;
alignment_dummy_8;7192;;6e104;
initSequence0;7200;;a681a;
initSequence1;7232;;a683c;
initSequence2;7616;;a685e;
initSequence3;7808;;a6880;
initSequence4;7968;;a68a2;
initSequence5;8320;;a68c4;
tdiLite;8448;;a63a5;
(S);;730847;768;
s_hee_SetupSectionHeader;0;;1a3848;
s_hee_Setup;64;;730833;
(A);;4a372;7;47aaf;
(S);;733aab;32;
s_hwlgpm;0;;1a4127;
(S);;4b1c1;1488;
v_ConfigDnControl;0;;47aaf;
v_CodecDnControl;16;;47aaf;
v_CodecDnGain;32;;47aaf;
v_CodecSdtGainOffset;48;;47aaf;
v_PcmControl;64;;47a5a;
v_DlGain;80;;47a5a;
v_AuVolume;96;;47aaf;
v_DlTau;112;;47aaf;
v_AuDlFacGain;128;;47aaf;
s_RxFirFilter;144;;4ae5c;
a_RxIirfilter;672;;4ae85;
v_PkLimit;832;;47aaf;
v_PkRecovery;848;;47aaf;
v_PkPostGain;864;;47aaf;
v_VcPostGain;880;;47aaf;
v_VcLimiterThr;896;;47aaf;
v_VcCompThr;912;;47aaf;
v_VcGateThr;928;;47aaf;
v_VcCompIndex;944;;47a5a;
v_AngAttenRise;960;;47a5a;
v_AngAttenFall;976;;47a5a;
v_AngAttenMinGain;992;;47a5a;
v_AngFastTauRise;1008;;47a5a;
v_AngFastTauFall;1024;;47a5a;
v_AngSlowTauRise;1040;;47a5a;
v_AngSlowTauFall;1056;;47a5a;
v_AngVadOffset;1072;;47a5a;
v_AngVadSoftRelease;1088;;47a5a;
v_AngCnGain;1104;;47a5a;
v_FmEnhancerFeedback1;1120;;47a5a;
v_FmEnhancerFeedForward1;1136;;47a5a;
v_FmEnhancerFeedback2;1152;;47a5a;
v_FmDriveCoef;1168;;47a5a;
v_FmWet;1184;;47a5a;
v_FmDry;1200;;47a5a;
v_FmBoostThreshold;1216;;47a5a;
v_FmBoostAmount_H;1232;;47a5a;
v_FmBoostAmount_L;1248;;47a5a;
v_FmBoostLimit;1264;;47a5a;
v_FmMinLimitCycle;1280;;47a5a;
v_FmMixGain1;1296;;47a5a;
v_FmMixGain2;1312;;47a5a;
v_FmMixGain3;1328;;47a5a;
v_DlHarmonizerAlpha;1344;;47a5a;
v_DlHarmonizerAlphaMidi;1360;;47a5a;
v_dlNsAlpha;1376;;47aaf;
v_dlNsLn;1392;;47aaf;
v_dlNsK;1408;;47aaf;
v_dlNsTauR;1424;;47aaf;
v_dlNsTauD;1440;;47aaf;
v_dlNsLamda;1456;;47aaf;
v_dlNsTauF;1472;;47aaf;
(T);st_SavL1cNbPclTxCounters;733355;7332f8;
(T);t_ProcessInstance;4752c;47a50;
(T);t_hee_OamParam;73433a;734273;
(T);stBblRfNvramRssiParam;a5ffb;a5fa9;
(A);;72dd1f;3;47a50;
(A);;72d635;36;47a5a;
(A);;72dd75;3;47a50;
(T);t_hee_PlmnBandIndList;72dacb;72da68;
(A);;5eec2;8;5eda6;
(T);t_hee_IpStackParam;72abc7;72a9f1;
(S);;730703;704;
s_hee_SetupLanguages;0;;72eada;
s_hee_Features;32;;72eeb3;
s_hee_Features1;64;;72f2b3;
s_hee_FeaturesGPRS1;96;;72f44d;
s_hee_FeaturesGPRS2;128;;72f8e1;
a_hee_TATSimStringAD;288;;730787;
s_hee_StkTerminalProfile;384;;7306e2;
s_hee_CodecPriorityStr;576;;72f9e2;
s_hee_Features2;608;;72fb5f;
s_hee_Features3;640;;72fbbe;
s_hee_Features4;672;;72fbfa;
(T);t_Band;733a9e;733a86;
(S);;72c9b8;224;
s_hee_SmsVp;0;;72c9a1;
v_hee_Smsfo;192;;47a50;
v_hee_SmsPid;200;;47a50;
v_hee_SmsDcs;208;;47a50;
v_GAP_SmsSettingsProfile;216;;72ca11;
(S);;72f2cb;32;
v_hee_QoSPrecedenceRequested;30;32;X2;
v_hee_QoSMeanMin;22;32;X8;
v_hee_QoSReliabilityMin;19;32;X3;
v_hee_QoSDelayMin;16;32;X3;
v_hee_QoSPrecedenceMin;14;32;X2;
v_hee_GapFeaturesGPRS1_0;9;32;X5;
v_hee_CounterType;7;32;X2;
v_hee_PDPActivation;5;32;X2;
v_hee_GPRSAttach;4;32;X1;
v_hee_IncomingSpeechCallWhileCSDCall;3;32;X1;
v_hee_OperationMode;0;32;X3;
(A);;4a26c;10;47aaf;
(A);;726ba8;3;47a50;
(S);;1a40c2;32;
dummy;0;;1a40c7;
(A);;733048;2;47a50;
(A);;a62a0;7;6e123;
(A);;a65c2;4;a65b6;
(T);s_hee_ProductionParam;72e414;72e3f7;
(S);;733cdd;96;
v_hee_CodeBarreMtx;0;;733ce2;
v_hee_SpareL75;48;;733d07;
(T);s_hee_Trace;72e7b9;72e7a5;
(T);t_hee_GprsAppliParam;72b4cf;72b48c;
(T);s_hee_OamParam;734351;73433a;
(T);s_hee_KbdParam;734655;73463e;
(S);;4a266;4336;
a_array_0;0;;4a26c;
a_array_1;160;;4a289;
a_array_0_single;320;;4a2a6;
a_array_1_single;480;;4a2ca;
a_driver_0;640;;4a2ee;
a_driver_1;752;;4a30c;
a_driver_0_p_vcm;864;;4a32a;
a_driver_1_p_vcm;992;;4a34e;
a_driver_0_n_vcm;1120;;4a372;
a_driver_1_n_vcm;1232;;4a397;
v_vcm;1344;;47aaf;
a_auxst_0;1360;;4a3cc;
a_auxst_1;1456;;4a3ea;
v_ear_diff_gain;1552;;47aaf;
v_ear_p_gain;1568;;47aaf;
v_ear_p_st_gain;1584;;47aaf;
v_ear_n_gain;1600;;47aaf;
v_ear_p_gain_vcm;1616;;47aaf;
v_ear_p_st_gain_vcm;1632;;47aaf;
v_ear_n_gain_vcm;1648;;47aaf;
v_hso_diff_gain;1664;;47aaf;
v_spk_diff_gain;1680;;47aaf;
v_spk_diff_gain_vcm;1696;;47aaf;
a_gain_dac_to_pga;1712;;4a510;
a_gain_dac_to_pga_p;1872;;4a536;
a_gain_dac_to_pga_n;2032;;4a55e;
a_gain_dac_to_pga_auxst;2192;;4a586;
a_gain_dac_to_pga_auxst_p;2352;;4a5b2;
a_gain_dac_to_pga_auxst_n;2512;;4a5e0;
a_pga_offset;2672;;4a60e;
a_pga_offset_p;2832;;4a62f;
a_pga_offset_n;2992;;4a652;
a_auxst_pga_offset;3152;;4a675;
a_auxst_p_pga_offset;3312;;4a69c;
a_auxst_n_pga_offset;3472;;4a6c5;
v_ear_diff_offset;3632;;47aaf;
v_ear_p_offset;3648;;47aaf;
v_ear_p_st_offset;3664;;47aaf;
v_ear_n_offset;3680;;47aaf;
v_ear_p_offset_vcm;3696;;47aaf;
v_ear_p_st_offset_vcm;3712;;47aaf;
v_ear_n_offset_vcm;3728;;47aaf;
v_hso_diff_offset;3744;;47aaf;
v_spk_diff_offset;3760;;47aaf;
v_spk_diff_offset_vcm;3776;;47aaf;
v_auxst_gain_var;3792;;47aaf;
v_auxst_p_gain_var;3808;;47aaf;
v_auxst_abs_dac_off;3824;;47aaf;
v_auxst_abs_pga_off;3840;;47aaf;
v_pga_p_abs_pga_off;3856;;47aaf;
v_auxst_p_abs_dac_off;3872;;47aaf;
v_dac_dc_aux_off_diff;3888;;47aaf;
v_dac_dc_aux_off_p;3904;;47aaf;
v_dac_dc_aux_off_n;3920;;47aaf;
v_vcm_dac_add_offset;3936;;47aaf;
v_vcm_dac_add_offset_p;3952;;47aaf;
v_vcm_dac_add_offset_n;3968;;47aaf;
a_vcm_dac_off_p;3984;;4a977;
a_vcm_dac_off_n;4080;;4a99b;
a_vcm_dac_off_diff;4176;;4a9bf;
v_vcm_dac_ref_point;4272;;47aaf;
v_vcm_dac_ref_point_p;4288;;47aaf;
v_vcm_dac_ref_point_n;4304;;47aaf;
v_auxst_stereo_delta;4320;;47aaf;
(T);t_hee_FA_oam_Section;73400f;733ed9;
(A);;a6959;30;6e140;
(T);t_hee_QuickSettingsBitFields;731654;731455;
(A);;735faf;2;47a50;
(T);Sint16;6e161;6e170;
(A);;72dab0;3;47a50;
(T);t_hee_FmSetting;72ace1;72ac80;
(A);;731c7a;28;47a50;
(A);;72d562;10;47a5a;
(B);;47ad0;32;S;
(A);;734774;2;47a50;
(T);Sint8;6e123;6e131;
(T);t_hee_CodeStruct;726988;726919;
(S);;a690f;2448;
version;0;;6e140;
debug;16;;a6926;
config;656;;a693f;
tty;1968;;a6959;
(T);t_hee_DataBitFields4;72c077;72bf61;
(A);;72e0cf;10;47a50;
(T);t_hee_Trace;72e7a5;72e6bd;
(S);;72b378;224;
s_hee_UserFeatures;0;;72b35e;
a_hee_GprsIPAddress;32;;72b397;
v_hee_MobileSessionCounter;64;;47a78;
v_hee_PcSessionCounter;96;;47a78;
v_hee_DetachTimer;128;;47a78;
v_hee_DeactivatePdpTimer;160;;47a78;
v_hee_DataTime;192;;47a5a;
v_GAP_END;208;;72b457;
(S);;73201b;832;
a_hee_Record1;0;;732020;
a_hee_Record2;104;;732041;
a_hee_Record3;208;;732062;
a_hee_Record4;312;;732083;
a_hee_Record5;416;;7320a4;
a_hee_Record6;520;;7320c5;
a_hee_Record7;624;;7320e6;
a_hee_Record8;728;;732107;
(A);;72ca6d;12;47a50;
(T);t_ant_NitzFullName;72c480;72c434;
(S);;a5fa9;192;
rssiGainFctOfArfcn;0;;a5fae;
rssiThresholdArfcn;64;;a5fd4;
(A);;a7b13;1024;6e104;
(S);;7319d1;160;
a_hee_CBMIR;0;;7319d6;
(T);t_hee_Plmn;72d8f0;72d881;
(A);;733622;520;47a50;
(S);;732ca0;64;
s_hee_SpeechSectionHeader;0;;1a3848;
(A);;a681a;1;6e179;
(A);;72e788;2;47a50;
(T);t_hee_SectionHeader;1a3848;1a37df;
(A);;726abe;8;47a50;
(A);;728589;8;47a50;
(A);;728523;3;47a50;
(S);;72c725;96;
s_hee_DataBitFields1;0;;72bb26;
v_S0;32;;47a50;
v_S1;40;;47a50;
v_S3;48;;47a50;
v_S4;56;;47a50;
v_S5;64;;47a50;
v_S7;72;;47a50;
v_S8;80;;47a50;
v_S10;88;;47a50;
(B);;47a66;16;U;
(A);;4a3ea;6;47aaf;
(A);;72fba2;3;47a50;
(S);;1a400a;20032;
a_hwlsyn_XtalEstimation;0;;1a4010;
v_Temp_Meas_Error;20016;;47aaf;
(S);;72d09f;24896;
s_hee_VirginSectionHeader;0;;1a3848;
vl_SIMEITimes;64;;47a50;
v_cmte_switch;72;;47a50;
v_vr_switch;80;;47a50;
v_csmins_switch;88;;47a50;
v_ciurc_switch;96;;47a50;
v_Moring_param;104;;47a50;
v_CEER_Mode;112;;47a50;
v_CCPD_param;120;;47a50;
v_cexths_switch;128;;47a50;
v_cextbut_switch;136;;47a50;
v_chf_switch;144;;47a50;
v_cfgri_switch;152;;47a50;
v_sub_clvl0;160;;47a50;
v_sub_clvl1;168;;47a50;
v_PsstkiMode_param;176;;47a50;
v_CLCC_Mode;184;;47a50;
v_CALS_param;192;;47a50;
v_CALM_param;200;;47a50;
v_hee_UserVolume0;208;;47a50;
v_hee_UserVolume1;216;;47a50;
v_skpd_Mode;224;;47a50;
v_sub_clvl2;232;;47a50;
v_sub_clvl3;240;;47a50;
v_hee_UserVolume2;248;;47a50;
v_hee_UserVolume3;256;;47a50;
v_CRIPULSE_param;264;;47a50;
v_CBUZZERRING_param;272;;47a50;
v_hee_cemnl_enabled;280;;47a50;
v_hee_cemnl_amount;288;;47a50;
a_hee_emergency_number;296;;72d382;
v_hee_cwhitelist_enable;648;;47a50;
a_hee_WhiteList;656;;72d3ca;
v_netlock_param;10976;;47a50;
v_att_param;10984;;47a50;
v_caas_param;10992;;47a50;
v_hee_LED_sparktime;11008;;72d432;
v_cgas_param;11104;;47a50;
v_srspt_param;11112;;47a50;
v_hee_ur;11120;;47a50;
v_hee_sq;11128;;47a50;
v_cusacc_param;11136;;47a50;
v_cnitznn_param;11144;;47a50;
v_cipsttimer_start_timer;11152;;47a50;
v_cipsttimer_stop_timer;11160;;47a50;
v_hee_numOfCellUsed;11168;;47a50;
v_hee_cellSwitchMode;11176;;47a50;
v_hee_cellUsed;11184;;72d562;
v_hee_CRNQPMode;11344;;47a50;
v_hee_csgsMode;11352;;47a50;
v_hee_CQUICKPDP;11360;;47a50;
v_hee_CQUICKPDP3380;11368;;47a50;
v_hee_CQUICKPDP3390;11376;;47a50;
v_hee_clnwplmn_mcc;11392;;72d60e;
v_hee_clnwplmn_mnc;11968;;72d635;
v_netlock_pwd;12544;;72d65c;
a_hee_VirginSpecialSection;12592;;72d67e;
(A);;72c853;3;72c439;
(S);;731915;32;
v_NbDcsInDcsList;0;;47a50;
a_DcsList;8;;731934;
v_SmscbActiveList;16;;47a50;
v_SmscbReserved;24;;47a50;
(A);;733900;10;73386a;
(T);stBblRfNvramTxVcoRegBoost;a632d;a62ea;
(A);;72e32b;100;47a50;
(S);;726a98;4544;
s_hee_SimSectionHeader;0;;1a3848;
a_UnbckImsi;64;;726abe;
s_NckCode;128;;726988;
s_NsckCode;224;;726988;
s_SpckCode;320;;726988;
s_CckCode;416;;726988;
s_PckCode;512;;726988;
v_UnbckAttempt;608;;47a50;
v_Gid1Presence;616;;47a50;
v_Gid2Presence;624;;47a50;
v_AutoLock;632;;47a50;
v_OperatorFile;640;;47a50;
v_GAP1;648;;726ba8;
a_MultiImsi;672;;726bc2;
v_AesPadding1;4512;;47a50;
v_AesPadding2;4520;;47a50;
v_AesPadding3;4528;;47a50;
v_AesPadding4;4536;;47a50;
(A);;726bc2;12;726a80;
(A);;72cc57;1;47a50;
(S);;730931;32;
v_hee_VoiceMemo;31;32;X1;
v_hee_AlarmStatus;30;32;X1;
v_hee_Vibrator;29;32;X1;
v_hee_TimeFormat;28;32;X1;
v_hee_RingVolume;24;32;X4;
v_hee_KeyToneAlert;23;32;X1;
v_hee_OrganizerAlert;22;32;X1;
v_hee_BatteryLowAlert;21;32;X1;
v_hee_NewMessageAlert;20;32;X1;
v_hee_PlmnMode;17;32;X3;
v_hee_Backlight;15;32;X2;
v_hee_AnyKeyAnswer;14;32;X1;
v_hee_Communication;13;32;X1;
v_hee_Animation;12;32;X1;
v_hee_Contrast;9;32;X3;
v_hee_ClockFormat;8;32;X1;
v_hee_RingerType;1;32;X7;
v_hee_AutomaticLanguage;0;32;X1;
(T);t_hee_PN_Number;734148;73402b;
(A);;72e1f4;10;47a50;
(T);s_hee_VirginSpecialSection;72d6d2;72d6af;
(T);st_bbl_nvram_rf;a68f7;a63c1;
(T);t_hee_CcpE;732008;731efa;
(A);;72e549;5;4755e;
(A);;a6572;4;6e179;
(T);t_hee_SettingsDriver;731872;731803;
(T);t_hee_MTX_oam_Section;733ebc;733d47;
(T);t_hee_AddrParam;72a941;72a8f1;
(A);;732f05;4;47a50;
(T);t_hee_ClkDateTime;731b43;731aae;
(A);;72c1a7;1;47a50;
(T);st_bbl_nvram_clkArfcn;a7b31;a7add;
(T);t_hwlaud_Antipopup;4aaa2;4aa87;
(A);;733e99;3;47a50;
(A);;72e151;2;47a50;
(A);;a66be;4;6e104;
(T);t_hee_FilterSMSCB;731d39;731d02;
(B);;47aa0;8;S;
(A);;72c7f1;3;72c439;
(T);t_hwlaud_DspCommonBBL;4ade9;4aabc;
(S);;72caca;320;
a_atp_ScAddress;0;;72cacf;
s_atp_CSMPCmd;96;;72ca3e;
(T);t_hee_Production;72e3a8;72e06a;
(A);;72df3e;33;47a5a;
(A);;735e27;4;735e1b;
(A);;73199f;16;47a5a;
(B);;6e112;8;U;
(S);;731455;32;
v_RFU1;24;32;X8;
v_RFU2;19;32;X5;
v_hee_DefaultServiceCenter;18;32;X1;
v_hee_AlarmStatusOld;17;32;X1;
v_hee_VibratorOld;16;32;X1;
v_hee_RingVolumeOld;13;32;X3;
v_hee_KeyPadLockOld;10;32;X3;
v_hee_KeyToneAlertOld;9;32;X1;
v_hee_OrganizerAlertOld;8;32;X1;
v_hee_BatteryLowAlertOld;7;32;X1;
v_hee_NewMessageAlertOld;6;32;X1;
v_hee_BacklightOld;4;32;X2;
v_hee_ZoomOld;3;32;X1;
v_hee_AnyKeyAnswerOld;2;32;X1;
v_hee_CommunicationOld;1;32;X1;
v_hee_AnimationOld;0;32;X1;
(A);;4a289;10;47aaf;
(S);;72adfb;32;
v_hee_RauAtSwitchOff;31;32;X1;
v_hee_EgprsMultiSlotClass;26;32;X5;
v_hee_GprsMultiSlotClass;21;32;X5;
v_hee_SplitPagingOnCcch;20;32;X1;
v_hee_T3190DuringTestMode;19;32;X1;
v_RFU1;16;32;X3;
v_RFU2;8;32;X8;
v_RFU3;0;32;X8;
(T);t_hee_BandIndList;72da4e;72da23;
(T);t_hee_Setup;730833;730703;
(A);;72c4a0;60;72c439;
(T);t_atp_AsoluteTime;72c8cb;72c7d4;
(S);;7269a0;32;
v_MinValue;0;;47a50;
v_MaxValue;8;;47a50;
v_GAP2;16;;7269cd;
(S);;731efa;960;
a_hee_Record1;0;;731eff;
a_hee_Record2;120;;731f20;
a_hee_Record3;240;;731f41;
a_hee_Record4;360;;731f62;
a_hee_Record5;480;;731f83;
a_hee_Record6;600;;731fa4;
a_hee_Record7;720;;731fc5;
a_hee_Record8;840;;731fe6;
(A);;a6776;4;6e104;
(A);;73301c;2;47a50;
(T);t_hwlaud_RxFirFilter;4ae5c;4ae2d;
(A);;735ca7;2;47a50;
(S);;72b8fc;32;
v_CVHUMode;30;32;X2;
v_Echo;29;32;X1;
v_SuppressResult;28;32;X1;
v_Verbose;27;32;X1;
v_ExtendedResultCode;24;32;X3;
v_DSRcontrol;23;32;X1;
v_RTScontrol;22;32;X1;
v_DTRBehaviour;20;32;X2;
v_PSCallConnectDisconnect;19;32;X1;
v_PSAlternateLineService;17;32;X2;
v_PSVoiceMsgWaiting;16;32;X1;
v_PSDivCallIndNotification;15;32;X1;
v_PSServiceAvailability;14;32;X1;
v_DcdControl;13;32;X1;
v_FlowControlDCEbyDTE;11;32;X2;
v_FlowControlDTEbyDCE;9;32;X2;
v_FlowControl;6;32;X3;
v_Fclass;5;32;X1;
v_Dummyu32;0;32;X5;
(S);;73415f;128;
v_hee_12Nc_Tranceiver;0;;734164;
v_hee_CC_Location;48;;73418d;
v_hee_SpareL79;64;;7341b2;
(T);t_hee_GsmStackParam;72dfaa;72de03;
(S);;5ed73;1648;
s_DspRxCfg;0;;4b6af;
a_VolumeTable;1488;;4aefd;
(T);t_hee_Emergency_number;72cfff;72cfd4;
(S);;7347b6;672;
s_hee_HotKeysSectionHeader;0;;1a3848;
s_hee_HotKeysBitfield;64;;734736;
s_hee_UCS2Bitfield;96;;73479b;
a_hee_HotKeysTable;128;;734816;
a_hee_HotKeysIMSINumber;224;;73483c;
a_hee_QuickDialTable;288;;734867;
(T);t_hee_SettingsBitFields;730b56;730931;
(T);t_ant_NitzShortName;72c4df;72c49b;
(A);;72e08f;12;47a50;
(A);;72e172;2;47a50;
(T);t_hee_EmCallEcPlmnList;72d978;72d94e;
(S);;72fb77;32;
v_hee_CallCtrlStkBusyAllowed;0;;47a50;
v_Empty;8;;72fba2;
(A);;731934;1;47a50;
(A);;72c839;3;72c439;
(S);;733889;8288;
a_hee_Nickname;0;;73388f;
v_hee_SapPinAsked;520;;47a50;
v_GAP_stg;528;;7338cc;
v_hee_HidRole;536;;47a50;
a_hee_DeviceInformation;544;;733900;
v_hee_ProfileList;8224;;47a78;
v_hee_AccessoryBufferDelay;8256;;47a78;
(S);;733aff;39424;
s_hee_RadioSectionHeader;0;;1a3848;
s_bbl_nvram_rf;64;;a68f7;
s_bbl_nvram_dsp;8544;;a6972;
s_bbl_nvram_clkArfcn;10992;;a7b31;
s_Generic;19232;;733ac3;
s_Gsm900;19264;;733a9e;
s_Gsm850;19296;;733a9e;
s_Dcs1800;19328;;733a9e;
s_Pcs1900;19360;;733a9e;
s_Xtal;19392;;733af1;
(A);;732aad;6;47a50;
(A);;4a32a;8;47aaf;
(T);t_hee_GEAAlgoSupport;72dd39;72dc20;
(S);;733983;8352;
s_hee_BtSettingsSectionHeader;0;;1a3848;
s_hee_Setting;64;;73396b;
(T);t_hee_Accessories;731ee0;731d53;
(A);;731eff;15;47a50;
(T);t_hau_UserRxOrgan;5ee77;5ee45;
(A);;73376c;6;47a50;
(A);;4af41;4;47a5a;
(T);s_hee_HotKeyParam;7348aa;734890;
(T);t_hee_ProductionParam;72e3f7;72e3bf;
(T);s32;47ac4;47ad0;
(T);t_hee_atp_PDPContext;72c417;72c094;
(A);;72d60e;36;47a5a;
(A);;735d4d;4;47a5a;
(S);;731aae;64;
v_hee_Year;0;;47a5a;
v_hee_Month;16;;47a50;
v_hee_Date;24;;47a50;
v_hee_Day;32;;47a50;
v_hee_Hour;40;;47a50;
v_hee_Minute;48;;47a50;
v_hee_dummy;56;;47a50;
(T);t_ProcessName;47547;47a50;
(A);;734621;23;7345e9;
(A);;72e2a9;8;47a50;
(A);;734816;12;47a50;
(S);;a6241;32;
txFreqOffset;0;;6e140;
txFreqBiasPclMask;16;;6e140;
(S);;72fa01;32;
v_hee_SetupBerWithoutSimState;31;32;X1;
v_hee_CtmIndication;30;32;X1;
v_hee_FirstStartup;29;32;X1;
v_hee_DSL_UartSpeedHigh;28;32;X1;
v_hee_SetupRfPowerCapaGSM850;25;32;X3;
v_hee_MicMode;23;32;X2;
v_hee_rfacchmode;22;32;X1;
v_hee_sacchmode;21;32;X1;
v_hee_racchmode;20;32;X1;
v_hee_DtrActivateDsl;19;32;X1;
v_Gap;0;32;X19;
(S);;72acf7;256;
s_hee_FmSettingsSectionHeader;0;;1a3848;
s_hee_Setting;64;;72ace1;
(S);;72f469;160;
v_RFU3;24;32;X8;
v_hee_QoSMeanRequested;16;32;X8;
v_RFU2;15;32;X1;
v_hee_QoSPeakRequested;11;32;X4;
v_hee_QoSReliabilityRequested;8;32;X3;
v_hee_2PDPManagement;7;32;X1;
v_hee_QoSDelayRequested;4;32;X3;
v_hee_QoSPeakMin;0;32;X4;
v_hee_QosTrafficClass;29;32;X3;
v_hee_QosDeliveryOrder;27;32;X2;
v_hee_QosDeliveryErrSDU;24;32;X3;
v_hee_QosMaxSDUSize;16;32;X8;
v_hee_QosMaxULBitRate;8;32;X8;
v_hee_QosMaxDLBitRate;0;32;X8;
v_hee_QosResidualBER;28;32;X4;
v_hee_QosSDUErrorRatio;24;32;X4;
v_hee_QosTransferDelay;18;32;X6;
v_hee_QosTrafficHandling;16;32;X2;
v_hee_QosGuaranteedULBitRate;8;32;X8;
v_hee_QosGuaranteedDLBitRate;0;32;X8;
v_hee_QosMinTrafficClass;29;32;X3;
v_hee_QosMinDeliveryOrder;27;32;X2;
v_hee_QosMinDeliveryErrSDU;24;32;X3;
v_hee_QosMinMaxSDUSize;16;32;X8;
v_hee_QosMinMaxULBitRate;8;32;X8;
v_hee_QosMinMaxDLBitRate;0;32;X8;
v_hee_QosMinResidualBER;28;32;X4;
v_hee_QosMinSDUErrorRatio;24;32;X4;
v_hee_QosMinTransferDelay;18;32;X6;
v_hee_QosMinTrafficHandling;16;32;X2;
v_hee_QosMinGuaranteedULBitRate;8;32;X8;
v_hee_QosMinGuaranteedDLBitRate;0;32;X8;
(S);;735ad5;1792;
s_hee_BatSectionHeader;0;;1a3848;
v_hee_VoltageMaxToCharge;64;;47aaf;
v_hee_TempMinToCharge;80;;47a95;
v_hee_TempMaxToCharge;88;;47a95;
v_hee_TempMinToRestartCharge;96;;47a95;
v_hee_TempMaxToRestartCharge;104;;47a95;
v_hee_VpSelect;112;;47a50;
v_hee_VpSelectInCall;120;;47a50;
v_hee_CMainTimerEndCharge;128;;47a5a;
v_hee_CUSBTimerEndCharge;144;;47a5a;
v_hee_CTLIMVoltageRestart;160;;47a5a;
v_hee_CStopChargeFeature;176;;47a50;
v_hee_CAutoResume;184;;47a50;
v_hee_CResumeVoltageRestart;192;;47a5a;
dummy1;208;;735ca7;
v_hee_CMainCurrentRateLow;224;;47a50;
v_hee_CMainCurrentRateHigh;232;;47a50;
v_hee_CUSBCurrentRateLow;240;;47a50;
v_hee_CUSBCurrentRateHigh;248;;47a50;
a_hee_MainIntermediateTimeOut;256;;735d4d;
a_hee_USBIntermediateTimeOut;320;;735d7e;
a_hee_MainChargeLevel;384;;735dba;
a_hee_MainChargeThesholdType;640;;735ded;
a_hee_USBChargeLevel;768;;735e27;
a_hee_USBChargeThesholdType;1024;;735e59;
v_hee_DischargeLevel3;1152;;47aaf;
v_hee_DischargeLevel2;1168;;47aaf;
v_hee_DischargeLevel1;1184;;47aaf;
v_hee_DischargeLevel0;1200;;47aaf;
a_hee_DischargeLevelCompensator;1216;;735f13;
v_hee_BacklightCompensation;1536;;47aaf;
v_hee_TxDropForLowvolt;1552;;47aaf;
v_hee_TxDropForSwitchOff;1568;;47aaf;
dummy4;1584;;735faf;
v_hee_VbatSIMUVSwitchOff;1600;;47ac4;
dummy3;1632;;735fed;
v_hee_VoltageFlat;1760;;47a78;
(S);;7310b4;32;
v_hee_SettingsBitFields3_FILLWORDS3;24;32;X8;
v_hee_SettingsBitFields3_FILLWORDS2;16;32;X8;
v_hee_SettingsDCSState;15;32;X1;
v_hee_SettingsEGSMState;14;32;X1;
v_hee_SettingsGSMState;13;32;X1;
v_hee_SettingsGSM850State;12;32;X1;
v_hee_SettingsPCS1900State;11;32;X1;
v_hee_NOISEVOID_switch;10;32;X1;
v_hee_LIFEVIBESVOICECLARITY_switch;9;32;X1;
v_hee_Eotd_activation;8;32;X1;
v_hee_Eotd_rate;0;32;X8;
(A);;72e75b;100;47547;
(A);;a693f;82;6e140;
(S);;72d881;32;
v_hee_PlmnMcc1;24;32;X8;
v_hee_PlmnMcc2;16;32;X8;
v_hee_PlmnMnc;8;32;X8;
v_hee_Dummy1;0;32;X8;
(A);;72cfe1;4;72cfd9;
(T);t_hee_AudioParam;736119;7360d1;
(T);t_hau_DspTxOrgan;5edda;5edbf;
(A);;72d432;3;72d084;
(A);;72d3ca;30;72d040;
(A);;735e59;4;735e4d;
(A);;732107;13;47a50;
(S);;72d996;576;
v_hee_BitMap;0;;72d99b;
v_GAP;560;;72d9bb;
(A);;7343e6;33;47a78;
(T);s_hee_DataParam;72cf3d;72cf25;
(S);;72d902;192;
v_hee_EquivalentPlmn;0;;72d907;
(A);;a7af4;4;6e123;
(A);;a6632;16;6e140;
(T);t_hee_CodecPriorityStr;72f9e2;72f8fd;
(T);t_hee_UCS2Bitfield;73479b;734753;
(S);;72de03;2720;
s_hee_GsmStackSectionHeader;0;;1a3848;
v_hee_plmn;64;;72d8f0;
v_hee_baBitMap;96;;72d9d5;
s_hee_MsPowerInf;672;;72d86a;
v_hee_PlmnBandIndList;704;;72dacb;
v_hee_EquivalentPlmnList;1536;;72d92e;
s_hee_A5CipheringAlgoSupport;1728;;72dbfb;
s_hee_GEAAlgoSupport;1760;;72dd39;
s_hee_EnabledRAT;1792;;72dd90;
v_hee_EmCallEcPlmnList;1824;;72d978;
v_hee_UMAConfig;2144;;72ddeb;
a_hee_last_nbr_cells;2176;;72df3e;
v_hee_Sim900_Status;2704;;47a50;
v_hee_Numof_Neighborcells;2712;;47a50;
(A);;a68c4;4;6e179;
(T);t_hee_Features1;72f2b3;72eeca;
(A);;72c625;1;47a50;
(A);;4a5b2;10;47aaf;
(T);s_hee_SPCENSection;732df9;732de0;
(A);;7269cd;2;47a50;
(A);;72e192;2;47a50;
(T);st_bbl_nvram_dsp;a6972;a690f;
(A);;731c41;28;47a50;
(T);t_atp_EepromProfile;72c7b8;72c725;
(S);;4aa87;4336;
a_AudioDcCal;0;;4aa64;
(T);t_hee_LED_sparktime;72d084;72d057;
(A);;73279f;73;732797;
(A);;4a34e;8;47aaf;
(T);stBblRfNvramTxVrampCorrectionParam;a610f;a6089;
(A);;7325f7;20;47a5a;
(T);stBblRfNvramTdiLite;a63a5;a634f;
(T);st_SavIMEI;7330f9;733089;
(A);;732083;13;47a50;
(S);;731803;32;
v_RFU4;24;32;X8;
v_RFU3;16;32;X8;
v_RFU2;8;32;X8;
v_RFU1;1;32;X7;
v_hee_ClockReset;0;32;X1;
(A);;a642c;4;6e104;
(S);;72d057;32;
a_on_time;0;;47a5a;
a_off_time;16;;47a5a;
(S);;731679;32;
v_hee_MicroGain;28;32;X4;
v_hee_SpeakerGain;24;32;X4;
v_hee_MeloVolumeLevel;20;32;X4;
v_hee_CarKitMelody;17;32;X3;
v_hee_CarKitpowerDown1;16;32;X1;
v_hee_CarKitpowerDown;8;32;X8;
v_hee_AutoVolumeControl;7;32;X1;
v_hee_CarKitConnectedOnce;6;32;X1;
v_hee_AutoPowerDown;4;32;X2;
v_hee_Speakers;3;32;X1;
v_hee_AutoAnswer;0;32;X3;
(S);;72e06a;2160;
a_hee_AsmVer;0;;72e070;
a_hee_AsmPart;32;;72e08f;
a_hee_FactId;128;;72e0af;
a_hee_LinId;152;;72e0cf;
a_hee_SpcPart;232;;72e0ee;
a_hee_BtstCnt;328;;72e10f;
a_hee_PtstCnt;344;;72e130;
a_hee_FtstCnt;360;;72e151;
a_hee_AntCnt;376;;72e172;
a_hee_VisCnt;392;;72e192;
a_hee_TayCnt;408;;72e1b2;
a_hee_FtstRack;424;;72e1d2;
a_hee_FtstDate;448;;72e1f4;
v_hee_AntFailed;528;;47a50;
v_hee_CITFlag;536;;47a50;
a_hee_Spa1;544;;72e246;
a_hee_TstInfo;560;;72e264;
a_hee_PhaChksum;1072;;72e285;
a_hee_FacFlag;1088;;72e2a9;
a_hee_EsnNo;1152;;72e2cb;
a_hee_Spa2;1216;;72e2eb;
a_hee_ChkSum;1296;;72e30a;
a_hee_ScratchPad;1328;;72e32b;
a_tcmcAccess;2128;;47a50;
a_lcdContrast;2136;;47a50;
v_MATMode;2144;;47a50;
a_padByte;2152;;47a50;
(T);Uint32;6e179;6e188;
(T);t_hee_Features2;72fb5f;72fa01;
(T);s_hee_EepromBaseBand;733c3d;733bdc;
(A);;a652d;4;a5ffb;
(A);;72e0ee;12;47a50;
(T);t_OperationType;4755e;47a5a;
(S);;72b48c;288;
s_hee_GprsAppliSectionHeader;0;;1a3848;
s_hee_GprsAppli;64;;72b475;
(T);s_hee_AddrParam;72a957;72a941;
(A);;72e070;4;47a50;
(A);;735f13;10;735f07;
(S);;73139e;32;
v_hee_CurrentPolyMelFileId;16;32;X16;
v_hee_CurrentPolyMelVolume;12;32;X4;
v_hee_Padding;1;32;X11;
v_hee_TraceInCircularBuffer;0;32;X1;
(T);s16;47aaf;47abb;
(A);;734867;12;47a78;
(A);;72e2eb;10;47a50;
(A);;a6594;4;6e179;
(S);;731d02;96;
v_hee_Id;0;;47a5a;
a_hee_Names;16;;731d19;
(S);;73199a;256;
a_hee_CBMI;0;;73199f;
(S);;730e10;32;
v_DaylightSavingTime;30;32;X2;
v_hee_SmsImmediateDisplay;29;32;X1;
v_hee_CallForwarded;25;32;X4;
v_hee_ShowLastCall;24;32;X1;
v_hee_ShowDuringCall;22;32;X2;
v_hee_MediumSelectionForSynchro;20;32;X2;
v_hee_MediumSelection;19;32;X1;
v_hee_DayLightSavingsSelection;18;32;X1;
v_hee_TimeZoneSelection;17;32;X1;
v_hee_DayLightSavings;16;32;X1;
v_hee_HandsfreeVolume;8;32;X8;
v_hee_NewSmscb;7;32;X1;
v_hee_MemoUnread;6;32;X1;
v_hee_ThaiCalendar;5;32;X1;
v_hee_ENSFeature;4;32;X1;
v_hee_ConnectedOnce;3;32;X1;
v_hee_EscalatingRunning;2;32;X1;
v_hee_ClirSubscription;1;32;X1;
v_hee_TestSTK;0;32;X1;
(A);;72c606;3;72c439;
(S);;7269fd;320;
v_Mcc;0;;47a5a;
v_Mnc;16;;47a5a;
s_Ns1Ns2;32;;7269e8;
a_ImsiD6toD15;64;;726a30;
a_Gid1;192;;726a4f;
a_Gid2;288;;726a67;
(T);t_hee_WapEncryptedDataParam;72b5c8;72b595;
(A);;73293f;23;732797;
(T);s_hee_IpStackParam;72abe1;72abc7;
(S);;732d79;224;
s_hee_spcSectionHeader;0;;1a3848;
a_hee_EmergencyNumber;64;;732d9e;
v_GAP;208;;732dc6;
(A);;4a2ee;7;47aaf;
(A);;733320;19;47a78;
(A);;a6794;2;a632d;
(S);;72fc12;192;
v_CallCtrlRedial;31;32;X1;
v_AlphaUssdInCc;30;32;X1;
v_TimerExpiration;29;32;X1;
v_9exxResponse;28;32;X1;
v_MenuSelection;27;32;X1;
v_CbDownload;26;32;X1;
v_PpDownload;25;32;X1;
v_ProfileDownload;24;32;X1;
v_ExtensionText;23;32;X1;
v_Ucs2Display;22;32;X1;
v_Ucs2Entry;21;32;X1;
v_AlphaIdInCc;20;32;X1;
v_MoSmControl;19;32;X1;
v_CellIdInCc;18;32;X1;
v_CallControl;17;32;X1;
v_CommandResult;16;32;X1;
v_Refresh;15;32;X1;
v_PollingOff;14;32;X1;
v_Pollinterval;13;32;X1;
v_PlayTone;12;32;X1;
v_MoreTime;11;32;X1;
v_GetInput;10;32;X1;
v_GetInkey;9;32;X1;
v_DisplayText;8;32;X1;
v_PLINmr;7;32;X1;
v_ProvLocalInfo;6;32;X1;
v_SetupMenu;5;32;X1;
v_SetupCall;4;32;X1;
v_SendUssd;3;32;X1;
v_SendSs;2;32;X1;
v_SendSms;1;32;X1;
v_SelectItem;0;32;X1;
v_EvCardReaderStatus;31;32;X1;
v_EvIdleAvailable;30;32;X1;
v_EvUserActivity;29;32;X1;
v_EvLocationStatus;28;32;X1;
v_EvCallDisconnected;27;32;X1;
v_EvCallConnected;26;32;X1;
v_EvMtCall;25;32;X1;
v_SetupEventList;24;32;X1;
v_RfuByte6;20;32;X4;
v_EvChannelStatus;19;32;X1;
v_EvDataAvailable;18;32;X1;
v_EvBrowserTermination;17;32;X1;
v_EvLanguageSelection;16;32;X1;
v_RfuByte7;13;32;X3;
v_GetReaderIdentifier;12;32;X1;
v_GetReaderStatus;11;32;X1;
v_PerformCardApdu;10;32;X1;
v_PowerOffCard;9;32;X1;
v_PowerOnCard;8;32;X1;
v_2ndCcpInCc;7;32;X1;
v_2ndAlphaIdInSetupCall;6;32;X1;
v_RunAtCommand;5;32;X1;
v_SetupIdleModeText;4;32;X1;
v_BinaryChoiceInGetInkey;3;32;X1;
v_PLIDateAndTime;2;32;X1;
v_TimerMngtCurrentValue;1;32;X1;
v_TimerMngtStartStop;0;32;X1;
v_ProvideLocalInfo;31;32;X1;
v_LaunchBrowser;30;32;X1;
v_LanguageNotification;29;32;X1;
v_ProvideLocalInfoTimingAdvance;28;32;X1;
v_ProvideLocalInfoLanguage;27;32;X1;
v_PLIBcch;26;32;X1;
v_SendDtmfCmd;25;32;X1;
v_SustainedDisplayText;24;32;X1;
v_RfuByte10;16;32;X8;
v_RfuByte11;8;32;X8;
v_RfuByte12;5;32;X3;
v_ChannelStatus;4;32;X1;
v_SendData;3;32;X1;
v_ReceiveData;2;32;X1;
v_CloseChannel;1;32;X1;
v_OpenChannel;0;32;X1;
v_NbChannels;29;32;X3;
v_RfuByte13;26;32;X3;
v_GprsBearer;25;32;X1;
v_CsdBearer;24;32;X1;
v_ScreenSizing;23;32;X1;
v_RfuByte14;21;32;X2;
v_NbCharDown;16;32;X5;
v_SizeFont;15;32;X1;
v_NbCharAcross;8;32;X7;
v_WidthReduction;5;32;X3;
v_RfuByte16;3;32;X2;
v_TextScrolling;2;32;X1;
v_TextWrapping;1;32;X1;
v_ResizeDisplay;0;32;X1;
v_RfuByte17;27;32;X5;
v_TCPSupportedInServerMode;26;32;X1;
v_UDPSupported;25;32;X1;
v_TCPSupported;24;32;X1;
v_RfuByte18;16;32;X8;
v_RfuByte19;8;32;X8;
v_RfuByte20;0;32;X8;
v_RfuByte21;24;32;X8;
v_RfuByte22;17;32;X7;
v_UTRANSupported;16;32;X1;
v_RfuByte23;8;32;X8;
v_RfuByte24;0;32;X8;
(T);stBblRfNvramTxVrampTempCorrectionParam;a618f;a6139;
(T);t_hee_SaveTCTList;72e5f3;72e544;
(S);;72cbbc;64;
v_N1;0;;47a5a;
v_Mode;7;8;X1;
v_Subset;6;8;X1;
v_PortSpeed;3;8;X3;
v_K;0;8;X3;
v_T1;24;;47a50;
v_N2;32;;47a50;
v_T2;40;;47a50;
v_T3;48;;47a50;
v_GAP_1;56;;72cc57;
(T);t_hee_EquivalentPlmnList;72d92e;72d902;
(A);;7343c3;50;47a5a;
(S);;4b16b;48;
v_speed;0;;47a5a;
v_timeout;16;;47a5a;
v_threshold;32;;47a5a;
(A);;4a99b;6;47aaf;
(A);;72b081;9;47a50;
(A);;4a977;6;47aaf;
(A);;735fed;16;47a50;
(T);t_hee_BtSetting;73396b;733889;
(T);t_hee_Uart_Data_Format;7318f6;73188f;
(T);t_hee_Features3;72fbbe;72fb77;
(A);;72a917;31;47a5a;
(S);;a6018;32;
rssiGainFctOfTemp;0;;a601d;
rssiThresholdTemp;16;;a6042;
(T);t_hee_DataParam;72cf25;72cd23;
(A);;72e2cb;8;47a50;
(A);;733499;4;47a50;
(T);t_hee_EnabledRAT;72dd90;72dd56;
(A);;72e0af;3;47a50;
(T);s_hee_SavParam;733510;7334f9;
(B);;47a3f;8;U;
(S);t_keytbl;73458d;64;
scancode;0;;47a5a;
key_info;16;;47a5a;
short_digit;32;;47a5a;
long_digit;48;;47a5a;
(S);;a62ea;32;
txVcoRegVoltageHigh;0;;6e140;
txVcoRegThresholdArfcn;16;;6e140;
(S);;72eaf6;32;
v_hee_ROKoperator;31;32;X1;
v_hee_FTMoperator;30;32;X1;
v_hee_KPNoperator;29;32;X1;
v_hee_LoftFeatures;28;32;X1;
v_hee_UEFAFeatures;27;32;X1;
v_hee_GapFeatures_0;26;32;X1;
v_hee_GapFeatures_1;25;32;X1;
v_hee_SetupEndSessionSTK2;24;32;X1;
v_hee_SetupSTKEmptyString;23;32;X1;
v_hee_SetupSTKCrBit;22;32;X1;
v_hee_SetupEscalatingTimer;21;32;X1;
v_hee_SetupDisplayMenuLang;20;32;X1;
v_hee_SetupMenuRegister;19;32;X1;
v_hee_SetupVibrator;18;32;X1;
v_hee_SetupProtectMboxn;17;32;X1;
v_hee_SetupReadWelcomeInSim;16;32;X1;
v_hee_GapFeatures_3;11;32;X5;
v_hee_SetupBeepCredit;10;32;X1;
v_hee_SetupSmartEditor;9;32;X1;
v_hee_SetupCopyCat;8;32;X1;
v_hee_SetupUCS2State;7;32;X1;
v_hee_SetupNotConfCall;6;32;X1;
v_hee_SetupScreenEndCallSTK;5;32;X1;
v_hee_SetupEndSessionSTK;4;32;X1;
v_hee_SetupSimToolKit;3;32;X1;
v_hee_SetupCompress;2;32;X1;
v_hee_GapFeatures_2;1;32;X1;
v_hee_SetupPAType;0;32;X1;
(S);;733767;768;
a_hee_BTAddress;0;;73376c;
a_hee_DeviceName;48;;73378e;
a_hee_LinkKey;568;;7337b1;
v_hee_PinCodeSize;696;;47a50;
v_hee_Trust;704;;47a32;
v_hee_Busy;712;;47a32;
v_hee_SpeakerVolume;720;;47a50;
v_hee_MicroVolume;728;;47a50;
v_hee_DeviceClass;736;;47a78;
(A);;735de1;4;47a95;
(A);;731fa4;15;47a50;
(A);;a665c;4;a610f;
(A);;72e30a;4;47a50;
(S);;732e95;32;
v_hee_day;0;;47a50;
v_hee_month;8;;47a50;
v_hee_year;16;;47a5a;
(A);;733585;6;47a50;
(T);st_SavDownloading;733234;73319d;
(T);t_hee_SaveTCTAppl;72e6a4;72e60c;
(A);;73483c;8;47a50;
(B);;6e170;16;S;
(B);;6e131;8;S;
(A);;72ca11;1;47a50;
(T);t_hee_DataBitFields;72b8e1;72b77e;
(A);;72e6d7;5;72e5f3;
(A);;7341f4;2;47a50;
(S);;734273;800;
s_hee_OamSectionHeader;0;;1a3848;
s_hee_CodeBarre_Section;64;;733d29;
s_hee_MTX_oam_Section;160;;733ebc;
s_hee_FA_oam_Section;288;;73400f;
s_hee_PN_Number;416;;734148;
s_hee_12NC_Number;544;;7341d5;
s_hee_SAV_Section;672;;734259;
(T);t_hee_SavParam;7334f9;733375;
(A);;732f44;1;47a50;
(T);t_atp_EepromCurrentProfile;72c702;72c66f;
(A);;734164;6;47a50;
(A);;a667a;4;a618f;
(T);t_hee_SettingsBitFields5;731434;73139e;
(A);;7341b2;8;47a50;
(A);;4a586;10;47aaf;
(A);;731f83;15;47a50;
(A);;4a510;10;47aaf;
(A);;a6880;5;6e179;
(T);t_keyTable;7345e9;73458d;
(A);;72c1cb;64;47a50;
(A);;1a4010;1251;47aaf;
(A);;731cb2;28;47a50;
(A);;a61ea;2;6e104;
(S);;7345fb;1536;
s_hee_KbdSectionHeader;0;;1a3848;
v_keyTable;64;;734621;
(A);;4a9bf;6;47aaf;
(S);;733375;2304;
s_hee_SavSectionHeader;0;;1a3848;
v_hee_ReturnNumber;64;;47a50;
v_GAP_SavParam;72;;7333b7;
v_hee_Return_1;96;;733075;
v_hee_Return_2;320;;733075;
v_hee_IMEI;544;;7330f9;
v_hee_12NC;736;;733417;
v_hee_UnpackingFlag;784;;47a50;
v_hee_BadCharger;792;;47a50;
s_hee_Repair;800;;733189;
s_hee_downloading;864;;733234;
v_hee_Empty;928;;733499;
s_SavL1cNbDecPagingBurst;960;;7332d7;
s_SavL1cNbPclTxCounters;1088;;733355;
(T);st_SavRepair;733189;73310b;
(A);;72d382;11;72cfff;
(A);;731ccf;28;47a50;
(S);;72ac80;192;
a_hee_PresetList;0;;72ac85;
v_hee_FmLastFreq;160;;47a5a;
v_hee_FmLastSoundLvl;176;;47a5a;
(A);;4aec8;20;47aaf;
(A);;a6450;4;6e104;
(T);st_SavReturn;733075;732ee5;
(T);s_hee_GprsAppliParam;72b4eb;72b4cf;
(A);;73308e;8;47a50;
(A);;72b457;2;47a50;
(T);t_hwlaud_EcIcc;4b1aa;4b16b;
(A);;5eee1;5;5edda;
(S);;7341ef;128;
v_hee_SAV_Tester_Number;0;;7341f4;
v_hee_PA_Type;16;;47a50;
v_hee_SpareL7A;24;;734236;
(T);st_date;732ed7;732e95;
(T);t_hee_Header;72e531;72e4b5;
(S);;72b69e;64;
s_hee_WapDataSectionHeader;0;;1a3848;
(T);t_hee_AccesoriesBitFields;7317e1;731679;
(T);t_hee_SetupLanguages;72eada;72e845;
(T);t_hee_MelodyParam;7344dc;73449e;
(S);;72bf61;64;
v_ToneDuration;18;32;X14;
v_CNAP_n;17;32;X1;
v_DTR_Sleep_Forbidden;15;32;X2;
v_CsnsMode;12;32;X3;
v_CMMSMode;10;32;X2;
v_AlarmIndex;7;32;X3;
v_RI_Shape;6;8;X1;
v_RI_Mask;0;8;X6;
v_PSPNNU_Mode;31;32;X1;
v_PSHDM_Mode;30;32;X1;
v_Dummyu32;28;32;X2;
(A);;4a675;10;47aaf;
(S);;4bd22;32;
v_CodecDnControl;0;;47aaf;
v_CodecDnGain;16;;47aaf;
(A);;72cb32;3;72c417;
(T);t_hee_DataBitFields2;72bd86;72bb43;
(S);;72c094;640;
v_hee_PDPCtxtCid;14;16;X2;
v_hee_PDPCtxtLocked;13;16;X1;
v_hee_PDPCtxtDefined;12;16;X1;
v_hee_PDPCtxtQosPrecedence;10;16;X2;
v_hee_PDPCtxtQosDelay;7;16;X3;
v_hee_PDPCtxtQosReliability;4;16;X3;
v_hee_PDPCtxtQosPeak;0;16;X4;
v_hee_PDPCtxtQosMean;16;;47a50;
v_GAP_PDPContext;24;;72c1a7;
a_hee_PDPCtxtApn;32;;72c1cb;
a_hee_PDPCtxtAddress;544;;72c1ef;
v_hee_PDPCtxtQosTrafficClass;29;32;X3;
v_hee_PDPCtxtQosDeliveryOrder;27;32;X2;
v_hee_PDPCtxtQosDeliveryErrSDU;24;32;X3;
v_hee_PDPCtxtQosMaxSDUSize;16;32;X8;
v_hee_PDPCtxtQosMaxULBitRate;8;32;X8;
v_hee_PDPCtxtQosMaxDLBitRate;0;32;X8;
v_hee_PDPCtxtQosResidualBER;28;32;X4;
v_hee_PDPCtxtQosSDUErrorRatio;24;32;X4;
v_hee_PDPCtxtQosTransferDelay;18;32;X6;
v_hee_PDPCtxtQosTrafficHandling;16;32;X2;
v_hee_PDPCtxtQosGuaranteedULBitRate;8;32;X8;
v_hee_PDPCtxtQosGuaranteedDLBitRate;0;32;X8;
(S);;7343bd;1984;
a_hee_UserMelody;0;;7343c3;
a_hee_OperatorMelody;800;;7343e6;
a_hee_OperatorName;1856;;73440d;
v_hee_UserMelody;1960;;47a50;
v_hee_OperatorMelody;1968;;47a50;
v_hee_MelodyIndex;1976;;47a50;
(A);;72d9bb;2;47a50;
(T);t_hwlaud_CalParametricTable;4aa64;4a266;
(T);t_hwlgpm_Generic;1a4127;1a40f4;
(S);;73324d;128;
v_hee_NbDecPagingBurst1;0;;47a78;
v_hee_NbDecPagingBurst2;32;;47a78;
v_hee_NbDecPagingBurst3;64;;47a78;
v_hee_NbDecPagingBurst4;96;;47a78;
(S);;72eeca;32;
v_hee_BOUYGUESoperator;31;32;X1;
v_hee_Operator1;30;32;X1;
v_hee_Operator2;29;32;X1;
v_hee_Operator3;28;32;X1;
v_hee_Operator4;27;32;X1;
v_hee_Operator5;26;32;X1;
v_hee_Operator6;25;32;X1;
v_hee_Operator7;24;32;X1;
v_hee_SetupMATAccessState;21;32;X3;
v_hee_GapFeatures1_0;20;32;X1;
v_hee_Setup_Brix;19;32;X1;
v_hee_Setup_Equalizer;18;32;X1;
v_hee_Setup_SpareDigit;17;32;X1;
v_hee_Setup_Meca;16;32;X1;
v_hee_Setup_Handsfree;15;32;X1;
v_hee_Setup_IRDA;14;32;X1;
v_hee_Slow_Synchro;13;32;X1;
v_hee_SetupVASSMS;12;32;X1;
v_hee_SetupMoses;11;32;X1;
v_hee_SetupSpridge;10;32;X1;
v_hee_NoNetworkInEmergencyIdle;9;32;X1;
v_hee_SetupGames;8;32;X1;
v_hee_Setup_ATP;7;32;X1;
v_hee_SetupDisplayMenuFaxData;6;32;X1;
v_hee_SetupDisplayMenuMailBox;5;32;X1;
v_hee_SetupSSinFDN;4;32;X1;
v_hee_SetupBandIndication;3;32;X1;
v_hee_SetupTraceL1Management;2;32;X1;
v_hee_SetupSwitchVoltFreqManagement;1;32;X1;
v_hee_SetupAvddssManagement;0;32;X1;
(T);t_hee_DateTime;72cd0c;72cc8e;
(S);;a629b;168;
txTimings;0;;a62ac;
(A);;732a89;6;47a50;
(S);;73213c;512;
v_MccValue;0;;47a5a;
v_MncValue;16;;47a5a;
a_NetworkName;32;;732169;
(S);;733ad3;20032;
s_hwlsyn_Xtal;0;;1a4058;
(S);;73319d;64;
v_hee_Center;0;;47a5a;
v_hee_Day;16;;47a50;
v_hee_Month;24;;47a50;
v_hee_Year;32;;47a5a;
v_hee_Counter;48;;47a50;
v_GAP_SavDownloading;56;;73320b;
(A);;735f07;2;47aaf;
(A);;73440d;13;47a50;
(A);;732dc6;2;47a50;
(S);;72c66f;96;
s_hee_DataBitFields1;0;;72bb26;
v_S0;32;;47a50;
v_S1;40;;47a50;
v_S3;48;;47a50;
v_S4;56;;47a50;
v_S5;64;;47a50;
v_S7;72;;47a50;
v_S8;80;;47a50;
v_S10;88;;47a50;
(S);;72dae9;32;
v_hee_A5_1_support;7;8;X1;
v_hee_A5_2_support;6;8;X1;
v_hee_A5_3_support;5;8;X1;
v_hee_A5_4_support;4;8;X1;
v_hee_A5_5_support;3;8;X1;
v_hee_A5_6_support;2;8;X1;
v_hee_A5_7_support;1;8;X1;
v_hee_NotUsed;0;8;X1;
v_GAP;8;;72dbe1;
(A);;72b159;2;47a50;
(T);t_hee_ReverseCellLock;72afee;72af94;
(A);;72c937;20;47a50;
(T);t_hee_SetupParam;730882;730847;
(A);;726a67;1;7269e8;
(T);t_hee_atp_PDPContexts;72cb9e;72cb2c;
(A);;7338cc;1;47a50;
(A);;72d65c;6;47a50;
(A);;4a2ca;10;47aaf;
(S);;72e60c;64;
v_Process;0;;47547;
v_Instance;8;;4752c;
v_AllInstance;16;;47a50;
v_MaxLengthSpecified;24;;47a50;
v_MaxOutputLength;32;;47a50;
v_Empty;40;;72e688;
(A);;72cacf;12;47a50;
(B);;72c439;8;U;
(A);;4af1d;4;47a5a;
(T);t_hee_Factory;733653;73357f;
(T);t_hee_UserGprsStack;72aef0;72adfb;
(A);;a62ac;3;a62a0;
(S);;a6089;64;
txVrampCorrLowArfcn;0;;6e140;
txVrampCorrHighArfcn;16;;6e140;
txVrampThresholdLowArfcn;32;;6e140;
txVrampThresholdHighArfcn;48;;6e140;
(S);;72c434;512;
a_text;0;;72c441;
v_NitzMcc;480;;47a5a;
v_NitzMnc;496;;47a5a;
(A);;72cecf;3;47a50;
(S);;7284fd;320;
s_hee_ImeiSectionHeader;0;;1a3848;
v_hee_Tac;64;;728523;
v_hee_Fac;88;;47a50;
v_hee_Snr;96;;728552;
v_hee_CheckDigit;120;;47a50;
v_hee_Dummy;128;;728589;
v_hee_CryptedIMEI;192;;7285a8;
(A);;4aea2;32;47aaf;
(A);;7333b7;3;47a50;
(B);;72cfd9;8;U;
(A);;72c80a;3;72c439;
(T);t_hee_CharBatParam;736025;735ad5;
(T);t_hee_GprsAppli;72b475;72b378;
(A);;72e130;2;47a50;
(A);;735dae;4;47aaf;
(A);;a64e0;7;6e140;
(A);;735dba;4;735dae;
(A);;72e688;3;47a50;
(S);;72cd23;4992;
s_hee_DataSectionHeader;0;;1a3848;
s_hee_DateTime1;64;;72cd0c;
s_hee_DateTime2;128;;72cd0c;
s_hee_DateTime3;192;;72cd0c;
s_hee_DateTime4;256;;72cd0c;
s_hee_DateTime5;320;;72cd0c;
s_hee_CmuxSettings;384;;72cc73;
s_atp_Context;448;;72c650;
s_atp_CurrentProfile;736;;72c702;
s_atp_Profile0;832;;72c7b8;
s_atp_Profile1;928;;72c7b8;
s_atp_SmsSettingsCurrentProfile;1024;;72caa6;
s_atp_SmsSettingsProfile0;1344;;72cb08;
s_atp_SmsSettingsProfile1;1664;;72cb08;
s_hee_atp_PDPContexts;1984;;72cb9e;
v_CR11;3936;;47a50;
v_GAP_End;3944;;72cecf;
v_ant_NitzFullName;3968;;72c480;
v_ant_NitzShortName;4480;;72c4df;
(T);t_hwlaud_SelEsY;4af4d;4af41;
(A);;7285a8;16;47a50;
(S);;734753;32;
v_hee_UCS2Bitfield;0;;47a5a;
v_GAP_UCS2Bitfield;16;;734774;
(T);s_hee_SpeechParam;732ce1;732cc9;
(A);;4a397;7;47aaf;
(A);;731a2a;12;47a50;
(S);;72e4b5;64;
v_hee_TraceCheckSum;0;;47a50;
v_hee_TraceNumber;8;;47a50;
v_hee_TraceSectionSize;16;;47a5a;
v_hee_TraceSignature;32;;47a78;
(T);t_hee_SimLocked;726c40;726a98;
(A);;a663e;4;a6632;
(S);;4ae2d;528;
v_FilterTapNb;0;;47aaf;
a_RxFilter;16;;4ae13;
(S);;7360d1;42400;
s_HeeAudioSectionHeader;0;;1a3848;
s_HeeAudioSectionParam;64;;5ef43;
(T);s_hee_AdcDataParam;735a3b;735a21;
(S);;4afe5;240;
v_attenRise_DlVD;0;;47a5a;
v_attenFall_DlVD;16;;47a5a;
v_minGain_DlVD;32;;47a5a;
v_vadOffset_DlVD;48;;47a5a;
v_attenRise_DlVND;64;;47a5a;
v_attenFall_DlVND;80;;47a5a;
v_minGain_DlVND;96;;47a5a;
v_vadOffset_DlVND;112;;47a5a;
v_fastTauRise;128;;47a5a;
v_fastTauFall;144;;47a5a;
v_slowTauRise;160;;47a5a;
v_slowTauFall;176;;47a5a;
v_vadSoftRelease;192;;47a5a;
v_NFgamma1;208;;47a5a;
v_NFp;224;;47a5a;
(A);;72ab79;3;47a50;
(T);t_hwlaud_TxFilter;4aeae;4aea2;
(A);;732b3c;5;47a50;
(A);;732ff0;2;47a50;
(A);;a601d;2;6e123;
(A);;731fc5;15;47a50;
(T);t_hwlaud_TxIirFilter;4aed4;4aec8;
(T);t_hau_AudioBBLParams;5ef43;5ee91;
(A);;5ef22;4;5ee77;
(T);t_hee_ExtE;732129;73201b;
(A);;731c24;28;47a50;
(S);;72c4fb;288;
s_hee_DataBitFields;0;;72b8e1;
s_hee_DataBitFields2;32;;72bd86;
s_hee_DataBitFields3;64;;72bf44;
s_hee_DataBitFields4;128;;72c077;
v_CrlpVer;192;;47a50;
v_CrlpT4;200;;47a50;
v_CrlpIws;208;;47a50;
v_CrlpMws;216;;47a50;
v_CrlpT1;224;;47a50;
v_CrlpN2;232;;47a50;
v_CauseSelect;240;;47a50;
v_Cause;248;;47a50;
a_atp_Storage;256;;72c606;
v_GAP_CurrentRegisters;280;;72c625;
(T);t_hee_SettingsBitFields2;731093;730e10;
(S);;72da68;832;
v_hee_PlmnList;0;;72da0d;
v_hee_BandIndList;640;;72da4e;
v_hee_Next;800;;47a50;
v_GAP1;808;;72dab0;
(T);t_hee_KbdParam;73463e;7345fb;
(A);;732966;23;732797;
(A);;a66e4;4;a62c8;
(S);;726919;96;
a_Value;0;;72691e;
v_Status;64;;47a50;
v_Location;72;;47a50;
v_Counter;80;;47a50;
v_MaxCounter;88;;47a50;
(S);;4aabc;496;
v_AuDeltaIBF;0;;47aaf;
v_AuDeltaOBE;16;;47aaf;
v_AuNoiseFactor;32;;47aaf;
v_AuCalTransient;48;;47aaf;
v_AuRxFifoWmark;64;;47aaf;
v_AuRxFifoWmarkGprs;80;;47aaf;
v_AuTxFifoWmark8k;96;;47aaf;
v_AuTxFifoWmark40k;112;;47aaf;
v_AuDaiClockRate;128;;47aaf;
v_AuCodecSlipMonEnable;144;;47aaf;
v_AuCodecSlipSamples;160;;47aaf;
v_AuCodecSlipMask;176;;47aaf;
v_AuCodecSlipThresh;192;;47aaf;
v_AuCodecSlipT2;208;;47aaf;
v_AuRampStep;224;;47aaf;
v_AuCR_DL_Gain;240;;47aaf;
v_AuCR_UL_Gain;256;;47aaf;
v_AuCrToneAmplitude;272;;47aaf;
v_AuCrToneDuration;288;;47aaf;
v_AuCrToneConfig;304;;47aaf;
v_AuDspSTLag;320;;47aaf;
v_AuDspSTGain;336;;47aaf;
v_AuA2dpBitPool;352;;47aaf;
v_AuEqualizerDelta;368;;47aaf;
v_AuImageFactor;384;;47aaf;
v_AuImageGain;400;;47aaf;
v_AuAcd_Reserved0;416;;47aaf;
v_AuAcd_Reserved1;432;;47aaf;
v_AuAcd_Reserved2;448;;47aaf;
v_AuAcd_Reserved3;464;;47aaf;
v_AuAntiPopBufAct;480;;47aaf;
(S);;73310b;64;
v_hee_Location;0;;47a5a;
v_hee_Index;16;;47a5a;
v_hee_Year;32;;47a50;
v_hee_Week;40;;47a50;
v_GAP_SavRepair;48;;733165;
(A);;7340b9;3;47a50;
(A);;733417;6;47a50;
(S);;72b595;64;
s_hee_WapEncryptedDataSectionHeader;0;;1a3848;
(A);;a5fae;8;6e123;
(S);;73402b;128;
v_hee_ProductionLocation;0;;734030;
v_hee_HardVersion;16;;47a50;
v_hee_Week;24;;47a50;
v_hee_Year;32;;47a5a;
v_hee_LineNumber;48;;47a50;
v_hee_Number;56;;7340b9;
v_hee_ConfigLine;80;;47a50;
v_hee_ConfigWeek;88;;47a50;
v_hee_ConfigYear;96;;47a5a;
v_hee_ConfigIndication;112;;47a5a;
(B);;6e14f;16;U;
(A);;a6759;4;a6278;
(A);;728552;3;47a50;
(A);;73285e;24;47a50;
(S);;72b293;32;
v_RFU4;24;32;X8;
v_RFU3;16;32;X8;
v_RFU2;8;32;X8;
v_RFU1;5;32;X3;
v_hee_GPRSActivated;4;32;X1;
v_hee_GPRS_IncomCall;3;32;X1;
v_hee_GPRS_SMS;1;32;X2;
v_hee_GPRSAttach;0;32;X1;
(T);s_hee_GsmStackParam;72dfc6;72dfaa;
(S);;72f8fd;32;
v_hee_FirstCodecPriority;28;32;X4;
v_hee_SecondCodecPriority;24;32;X4;
v_hee_ThirdCodecPriority;20;32;X4;
v_hee_FourthCodecPriority;16;32;X4;
v_hee_FifthCodecPriority;12;32;X4;
v_hee_FillCodecPriority;0;32;X12;
(A);;72c8a5;1;47a50;
(T);t_hee_CellLock;72af7d;72af0a;
(S);;5ee45;192;
s_UserRxCfg;0;;4bd59;
a_VolumeTable;32;;4aefd;
(A);;7329b7;22;47a50;
(A);;732599;16;731d39;
(A);;72e264;64;47a50;
(S);;73559d;1216;
s_hee_AdcDataSectionHeader;0;;1a3848;
v_hee_BatteryVoltageCoefAuxadc;64;;47a78;
v_hee_BatteryVoltageOffsetAuxadc;96;;47ac4;
v_hee_BatteryVoltageCoefGpadc;128;;47a78;
v_hee_BatteryVoltageOffsetGpadc;160;;47ac4;
v_hee_TempGain;192;;47a78;
v_hee_TempCoef1;224;;47ac4;
v_hee_TempCoef2;256;;47ac4;
v_hee_TempCoef3;288;;47ac4;
v_hee_TempConstant1;320;;47ac4;
v_hee_TempConstant2;352;;47ac4;
v_hee_TempConstant3;384;;47ac4;
v_hee_TemperatureLsbHigh;416;;47a78;
v_hee_TemperatureLsbLow;448;;47a78;
v_hee_ChargeCurrentCoef;480;;47a78;
v_hee_ChargeCurrentOffset;512;;47ac4;
v_hee_AudioCoef;544;;47a78;
v_hee_AudioOffset;576;;47ac4;
v_hee_TempOffset;608;;47ac4;
v_hee_TempCalProd;640;;47a78;
v_hee_TempOffsetTemp;672;;47ac4;
v_hee_TempGainTemp;704;;47ac4;
v_hee_ADC2_TempGain;736;;47a78;
v_hee_ADC2_TempOffset;768;;47ac4;
v_hee_ADC2_TempCoef1;800;;47ac4;
v_hee_ADC2_TempCoef2;832;;47ac4;
v_hee_ADC2_TempCoef3;864;;47ac4;
v_hee_ADC2_TempConstant1;896;;47ac4;
v_hee_ADC2_TempConstant2;928;;47ac4;
v_hee_ADC2_TempConstant3;960;;47ac4;
v_hee_ADC2_TemperatureLsbHigh;992;;47a78;
v_hee_ADC2_TemperatureLsbLow;1024;;47a78;
v_hee_TempImpedance1;1056;;47a78;
v_hee_TempImpedance2;1088;;47a78;
v_hee_TempGradDuetoPcb;1120;;47a78;
v_hee_VAna;1152;;47a78;
v_hee_RAna;1184;;47a78;
